Archive member included to satisfy reference by file (symbol)

/opt/devkitpro/libctru/lib/libcitro2d.a(base.o)
                              renderer.o (C2D_Init)
/opt/devkitpro/libctru/lib/libcitro2d.a(text.o)
                              renderer.o (C2D_TextBufNew)
/opt/devkitpro/libctru/lib/libcitro2d.a(font.o)
                              renderer.o (C2D_FontFree)
/opt/devkitpro/libctru/lib/libcitro2d.a(render2d.shbin.o)
                              /opt/devkitpro/libctru/lib/libcitro2d.a(base.o) (render2d_shbin)
/opt/devkitpro/libctru/lib/libcitro3d.a(attribs.o)
                              /opt/devkitpro/libctru/lib/libcitro2d.a(base.o) (AttrInfo_Init)
/opt/devkitpro/libctru/lib/libcitro3d.a(base.o)
                              /opt/devkitpro/libctru/lib/libcitro3d.a(attribs.o) (__C3D_Context)
/opt/devkitpro/libctru/lib/libcitro3d.a(buffers.o)
                              /opt/devkitpro/libctru/lib/libcitro2d.a(base.o) (BufInfo_Init)
/opt/devkitpro/libctru/lib/libcitro3d.a(drawElements.o)
                              /opt/devkitpro/libctru/lib/libcitro2d.a(base.o) (C3D_DrawElements)
/opt/devkitpro/libctru/lib/libcitro3d.a(effect.o)
                              /opt/devkitpro/libctru/lib/libcitro3d.a(base.o) (C3D_DepthMap)
/opt/devkitpro/libctru/lib/libcitro3d.a(framebuffer.o)
                              /opt/devkitpro/libctru/lib/libcitro3d.a(base.o) (C3Di_FrameBufBind)
/opt/devkitpro/libctru/lib/libcitro3d.a(immediate.o)
                              /opt/devkitpro/libctru/lib/libcitro3d.a(base.o) (C3D_ImmSendAttrib)
/opt/devkitpro/libctru/lib/libcitro3d.a(proctex.o)
                              /opt/devkitpro/libctru/lib/libcitro2d.a(base.o) (C3D_ProcTexInit)
/opt/devkitpro/libctru/lib/libcitro3d.a(renderqueue.o)
                              /opt/devkitpro/libctru/lib/libcitro3d.a(base.o) (C3Di_RenderQueueEnableVBlank)
/opt/devkitpro/libctru/lib/libcitro3d.a(texenv.o)
                              /opt/devkitpro/libctru/lib/libcitro2d.a(base.o) (C3D_GetTexEnv)
/opt/devkitpro/libctru/lib/libcitro3d.a(texture.o)
                              /opt/devkitpro/libctru/lib/libcitro2d.a(base.o) (C3D_TexBind)
/opt/devkitpro/libctru/lib/libcitro3d.a(uniforms.o)
                              /opt/devkitpro/libctru/lib/libcitro3d.a(base.o) (C3D_UpdateUniforms)
/opt/devkitpro/libctru/lib/libcitro3d.a(mtx_multiply.o)
                              /opt/devkitpro/libctru/lib/libcitro2d.a(base.o) (Mtx_Multiply)
/opt/devkitpro/libctru/lib/libcitro3d.a(mtx_ortho.o)
                              /opt/devkitpro/libctru/lib/libcitro2d.a(base.o) (Mtx_Ortho)
/opt/devkitpro/libctru/lib/libcitro3d.a(mtx_orthotilt.o)
                              /opt/devkitpro/libctru/lib/libcitro2d.a(base.o) (Mtx_OrthoTilt)
/opt/devkitpro/libctru/lib/libcitro3d.a(mtx_rotatez.o)
                              /opt/devkitpro/libctru/lib/libcitro2d.a(base.o) (Mtx_RotateZ)
/opt/devkitpro/libctru/lib/libcitro3d.a(mtx_scale.o)
                              /opt/devkitpro/libctru/lib/libcitro2d.a(base.o) (Mtx_Scale)
/opt/devkitpro/libctru/lib/libcitro3d.a(mtx_translate.o)
                              /opt/devkitpro/libctru/lib/libcitro2d.a(base.o) (Mtx_Translate)
/opt/devkitpro/libctru/lib/libctru.a(linear.o)
                              /opt/devkitpro/libctru/lib/libcitro2d.a(base.o) (linearAlloc)
/opt/devkitpro/libctru/lib/libctru.a(mem_pool.o)
                              /opt/devkitpro/libctru/lib/libctru.a(linear.o) (MemPool::Allocate(MemChunk&, unsigned long, int))
/opt/devkitpro/libctru/lib/libctru.a(vram.o)
                              /opt/devkitpro/libctru/lib/libcitro3d.a(renderqueue.o) (vramAlloc)
/opt/devkitpro/libctru/lib/libctru.a(font.o)
                              /opt/devkitpro/libctru/lib/libcitro2d.a(text.o) (fontEnsureMapped)
/opt/devkitpro/libctru/lib/libctru.a(gfx.o)
                              /opt/devkitpro/libctru/lib/libcitro2d.a(base.o) (gfxIsWide)
/opt/devkitpro/libctru/lib/libctru.a(os.o)
                              /opt/devkitpro/libctru/lib/libcitro3d.a(buffers.o) (osConvertVirtToPhys)
/opt/devkitpro/libctru/lib/libctru.a(romfs_dev.o)
                              /opt/devkitpro/libctru/lib/libcitro2d.a(font.o) (romfsMountFromTitle)
/opt/devkitpro/libctru/lib/libctru.a(gpu.o)
                              /opt/devkitpro/libctru/lib/libcitro3d.a(renderqueue.o) (gpuCmdBuf)
/opt/devkitpro/libctru/lib/libctru.a(gx.o)
                              /opt/devkitpro/libctru/lib/libcitro3d.a(renderqueue.o) (GX_BindQueue)
/opt/devkitpro/libctru/lib/libctru.a(gxqueue.o)
                              /opt/devkitpro/libctru/lib/libcitro3d.a(renderqueue.o) (gxCmdQueueClear)
/opt/devkitpro/libctru/lib/libctru.a(shaderProgram.o)
                              /opt/devkitpro/libctru/lib/libcitro2d.a(base.o) (shaderInstanceGetUniformLocation)
/opt/devkitpro/libctru/lib/libctru.a(shbin.o)
                              /opt/devkitpro/libctru/lib/libcitro2d.a(base.o) (DVLB_ParseFile)
[...]
Memory Configuration

Name             Origin             Length             Attributes
*default*        0x00000000         0xffffffff

Linker script and memory map

                0x00000000                        __sync_synchronize = __sync_synchronize_dmb
                0x00100000                        PROVIDE (__start__ = 0x100000)
                0x00100000                        . = __start__

.text           0x00100000    0x19410
 *(.crt0)
 .crt0          0x00100000       0x94 /opt/devkitpro/devkitARM/bin/../lib/gcc/arm-none-eabi/15.1.0/../../../../arm-none-eabi/lib/armv6k/fpu/3dsx_crt0.o
                0x00100000                _start
                0x00100008                __service_ptr
                0x0010000c                __apt_appid
                0x00100010                __heap_size
                0x00100014                __linear_heap_size
                0x00100018                __system_arglist
                0x0010001c                __system_runflags
 *(.init)
 .init          0x00100094        0xc /opt/devkitpro/devkitARM/bin/../lib/gcc/arm-none-eabi/15.1.0/armv6k/fpu/crti.o
                0x00100094                _init
 .init          0x001000a0        0xc /opt/devkitpro/devkitARM/bin/../lib/gcc/arm-none-eabi/15.1.0/armv6k/fpu/crtn.o
                0x001000ac                        . = ALIGN (0x4)
 *(.text)
 .text          0x001000ac      0x20c /opt/devkitpro/devkitARM/bin/../lib/gcc/arm-none-eabi/15.1.0/armv6k/fpu/libgcc.a(_udivsi3.o)
                0x001000ac                __udivsi3
                0x001000ac                __aeabi_uidiv
                0x00100298                __aeabi_uidivmod
 .text          0x001002b8      0x240 /opt/devkitpro/devkitARM/bin/../lib/gcc/arm-none-eabi/15.1.0/armv6k/fpu/libgcc.a(_divsi3.o)
                0x001002b8                __aeabi_idiv
                0x001002b8                __divsi3
                0x001004d8                __aeabi_idivmod
 .text          0x001004f8        0x4 /opt/devkitpro/devkitARM/bin/../lib/gcc/arm-none-eabi/15.1.0/armv6k/fpu/libgcc.a(_dvmd_tls.o)
                0x001004f8                __aeabi_ldiv0
                0x001004f8                __aeabi_idiv0
 .text          0x001004fc       0xd4 /opt/devkitpro/devkitARM/bin/../lib/gcc/arm-none-eabi/15.1.0/armv6k/fpu/libgcc.a(_aeabi_ldivmod.o)
                0x001004fc                __aeabi_ldivmod
 *fill*         0x001005d0       0x10 
 .text          0x001005e0      0x390 /opt/devkitpro/devkitARM/bin/../lib/gcc/arm-none-eabi/15.1.0/../../../../arm-none-eabi/lib/armv6k/fpu/libg.a(libc_a-strcmp.o)
                0x001005e8                strcmp
 *(.text.*)
 .text.__do_global_dtors_aux
                0x00100970       0x50 /opt/devkitpro/devkitARM/bin/../lib/gcc/arm-none-eabi/15.1.0/armv6k/fpu/crtbegin.o
 .text.frame_dummy
                0x001009c0       0x2c /opt/devkitpro/devkitARM/bin/../lib/gcc/arm-none-eabi/15.1.0/armv6k/fpu/crtbegin.o
 .text.Net_Init
                0x001009ec       0x30 gemini_net.o
                0x001009ec                Net_Init
 .text.Net_Exit
                0x00100a1c       0x24 gemini_net.o
                0x00100a1c                Net_Exit
 .text.startup.main
                0x00100a40      0x204 main.o
                0x00100a40                main
 .text.Mem_SaveApiKey
                0x00100c44       0x4c mem.o
                0x00100c44                Mem_SaveApiKey
 .text.Mem_LoadApiKey
                0x00100c90       0x7c mem.o
                0x00100c90                Mem_LoadApiKey
 .text.Menu_Update
                0x00100d0c       0x8c menu.o
                0x00100d0c                Menu_Update
 .text.Menu_Draw
                0x00100d98       0xd4 menu.o
                0x00100d98                Menu_Draw
 .text.R_Init   0x00100e6c       0x60 renderer.o
                0x00100e6c                R_Init
 .text.R_Exit   0x00100ecc       0x2c renderer.o
                0x00100ecc                R_Exit
 .text.R_BeginFrame
                0x00100ef8       0x20 renderer.o
                0x00100ef8                R_BeginFrame
 .text.R_EndFrame
                0x00100f18        0x8 renderer.o
                0x00100f18                R_EndFrame
 .text.R_SetTarget
                0x00100f20       0x38 renderer.o
                0x00100f20                R_SetTarget
 .text.R_ClearScreen
                0x00100f58       0x50 renderer.o
                0x00100f58                R_ClearScreen
 .text.R_DrawText
                0x00100fa8       0x94 renderer.o
                0x00100fa8                R_DrawText
 .text.R_OpenKeyboard
                0x0010103c       0x94 renderer.o
                0x0010103c                R_OpenKeyboard
 .text.C2Di_FrameEndHook
                0x001010d0       0x44 /opt/devkitpro/libctru/lib/libcitro2d.a(base.o)
 *fill*         0x00101114        0x4 
 .text.C2D_Init
                0x00101118      0x36c /opt/devkitpro/libctru/lib/libcitro2d.a(base.o)
                0x00101118                C2D_Init
 .text.C2D_Fini
                0x00101484       0x4c /opt/devkitpro/libctru/lib/libcitro2d.a(base.o)
                0x00101484                C2D_Fini
 .text.C2D_Prepare
                0x001014d0       0xb8 /opt/devkitpro/libctru/lib/libcitro2d.a(base.o)
                0x001014d0                C2D_Prepare
 .text.C2D_Flush
                0x00101588       0x48 /opt/devkitpro/libctru/lib/libcitro2d.a(base.o)
                0x00101588                C2D_Flush
 .text.C2D_SceneSize
                0x001015d0      0x104 /opt/devkitpro/libctru/lib/libcitro2d.a(base.o)
                0x001015d0                C2D_SceneSize
 .text.C2D_CreateScreenTarget
                0x001016d4       0x58 /opt/devkitpro/libctru/lib/libcitro2d.a(base.o)
                0x001016d4                C2D_CreateScreenTarget
 .text.C2D_TargetClear
                0x0010172c       0x64 /opt/devkitpro/libctru/lib/libcitro2d.a(base.o)
                0x0010172c                C2D_TargetClear
 .text.C2Di_AppendQuad
                0x00101790       0x58 /opt/devkitpro/libctru/lib/libcitro2d.a(base.o)
                0x00101790                C2Di_AppendQuad
 .text.C2Di_AppendVtx
                0x001017e8       0x40 /opt/devkitpro/libctru/lib/libcitro2d.a(base.o)
                0x001017e8                C2Di_AppendVtx
 .text.C2Di_Update
                0x00101828      0x550 /opt/devkitpro/libctru/lib/libcitro2d.a(base.o)
                0x00101828                C2Di_Update
 .text.C2Di_GlyphComp
                0x00101d78       0x18 /opt/devkitpro/libctru/lib/libcitro2d.a(text.o)
 .text.C2Di_CalcLineWidths
                0x00101d90      0x140 /opt/devkitpro/libctru/lib/libcitro2d.a(text.o)
 .text.C2D_TextBufNew
                0x00101ed0      0x1dc /opt/devkitpro/libctru/lib/libcitro2d.a(text.o)
                0x00101ed0                C2D_TextBufNew
 .text.C2D_TextBufDelete
                0x001020ac        0x4 /opt/devkitpro/libctru/lib/libcitro2d.a(text.o)
                0x001020ac                C2D_TextBufDelete
 .text.C2D_TextBufClear
                0x001020b0        0xc /opt/devkitpro/libctru/lib/libcitro2d.a(text.o)
                0x001020b0                C2D_TextBufClear
 .text.C2D_TextFontParseLine
                0x001020bc      0x1c8 /opt/devkitpro/libctru/lib/libcitro2d.a(text.o)
                0x001020bc                C2D_TextFontParseLine
 .text.C2D_TextFontParse
                0x00102284       0xa8 /opt/devkitpro/libctru/lib/libcitro2d.a(text.o)
                0x00102284                C2D_TextFontParse
 .text.C2D_TextParse
                0x0010232c       0x14 /opt/devkitpro/libctru/lib/libcitro2d.a(text.o)
                0x0010232c                C2D_TextParse
 .text.C2D_TextOptimize
                0x00102340       0x30 /opt/devkitpro/libctru/lib/libcitro2d.a(text.o)
                0x00102340                C2D_TextOptimize
 .text.C2D_DrawText
                0x00102370      0xf6c /opt/devkitpro/libctru/lib/libcitro2d.a(text.o)
                0x00102370                C2D_DrawText
 .text.C2D_FontFree
                0x001032dc       0x28 /opt/devkitpro/libctru/lib/libcitro2d.a(font.o)
                0x001032dc                C2D_FontFree
 .text.C2Di_PostLoadFont
                0x00103304       0xe8 /opt/devkitpro/libctru/lib/libcitro2d.a(font.o)
 .text.C2D_FontLoadSystem
                0x001033ec      0x1c0 /opt/devkitpro/libctru/lib/libcitro2d.a(font.o)
                0x001033ec                C2D_FontLoadSystem
 .text.C2D_FontGlyphIndexFromCodePoint
                0x001035ac       0x44 /opt/devkitpro/libctru/lib/libcitro2d.a(font.o)
                0x001035ac                C2D_FontGlyphIndexFromCodePoint
 .text.C2D_FontCalcGlyphPos
                0x001035f0       0x78 /opt/devkitpro/libctru/lib/libcitro2d.a(font.o)
                0x001035f0                C2D_FontCalcGlyphPos
 .text.AttrInfo_Init
                0x00103668       0x28 /opt/devkitpro/libctru/lib/libcitro3d.a(attribs.o)
                0x00103668                AttrInfo_Init
 .text.AttrInfo_AddLoader
                0x00103690       0x94 /opt/devkitpro/libctru/lib/libcitro3d.a(attribs.o)
                0x00103690                AttrInfo_AddLoader
 .text.C3D_SetAttrInfo
                0x00103724       0x54 /opt/devkitpro/libctru/lib/libcitro3d.a(attribs.o)
                0x00103724                C3D_SetAttrInfo
 .text.C3Di_AttrInfoBind
                0x00103778       0x80 /opt/devkitpro/libctru/lib/libcitro3d.a(attribs.o)
                0x00103778                C3Di_AttrInfoBind
 .text.C3Di_LightEnvUpdate
                0x001037f8        0x4 /opt/devkitpro/libctru/lib/libcitro3d.a(base.o)
                0x001037f8                C3Di_LightEnvUpdate
 .text.C3Di_LightEnvDirty
                0x001037fc        0x4 /opt/devkitpro/libctru/lib/libcitro3d.a(base.o)
                0x001037fc                C3Di_LightEnvDirty
 .text.C3Di_AptEventHook
                0x00103800       0xb4 /opt/devkitpro/libctru/lib/libcitro3d.a(base.o)
 .text.C3Di_GasUpdate
                0x001038b4        0x4 /opt/devkitpro/libctru/lib/libcitro3d.a(base.o)
                0x001038b4                C3Di_GasUpdate
 .text.C3D_Init
                0x001038b8      0x1d0 /opt/devkitpro/libctru/lib/libcitro3d.a(base.o)
                0x001038b8                C3D_Init
 .text.C3D_SetViewport
                0x00103a88       0x98 /opt/devkitpro/libctru/lib/libcitro3d.a(base.o)
                0x00103a88                C3D_SetViewport
 .text.C3Di_UpdateContext
                0x00103b20      0x4e8 /opt/devkitpro/libctru/lib/libcitro3d.a(base.o)
                0x00103b20                C3Di_UpdateContext
 .text.C3Di_SplitFrame
                0x00104008       0xe0 /opt/devkitpro/libctru/lib/libcitro3d.a(base.o)
                0x00104008                C3Di_SplitFrame
 .text.C3D_Fini
                0x001040e8       0x44 /opt/devkitpro/libctru/lib/libcitro3d.a(base.o)
                0x001040e8                C3D_Fini
 .text.C3D_BindProgram
                0x0010412c      0x194 /opt/devkitpro/libctru/lib/libcitro3d.a(base.o)
                0x0010412c                C3D_BindProgram
 .text.BufInfo_Init
                0x001042c0       0x24 /opt/devkitpro/libctru/lib/libcitro3d.a(buffers.o)
                0x001042c0                BufInfo_Init
 .text.BufInfo_Add
                0x001042e4       0x80 /opt/devkitpro/libctru/lib/libcitro3d.a(buffers.o)
                0x001042e4                BufInfo_Add
 .text.C3D_SetBufInfo
                0x00104364       0x3c /opt/devkitpro/libctru/lib/libcitro3d.a(buffers.o)
                0x00104364                C3D_SetBufInfo
 .text.C3Di_BufInfoBind
                0x001043a0       0x48 /opt/devkitpro/libctru/lib/libcitro3d.a(buffers.o)
                0x001043a0                C3Di_BufInfoBind
 .text.C3D_DrawElements
                0x001043e8      0x21c /opt/devkitpro/libctru/lib/libcitro3d.a(drawElements.o)
                0x001043e8                C3D_DrawElements
 .text.C3D_DepthMap
                0x00104604       0x40 /opt/devkitpro/libctru/lib/libcitro3d.a(effect.o)
                0x00104604                C3D_DepthMap
 .text.C3D_CullFace
                0x00104644       0x1c /opt/devkitpro/libctru/lib/libcitro3d.a(effect.o)
                0x00104644                C3D_CullFace
 .text.C3D_StencilTest
                0x00104660       0x40 /opt/devkitpro/libctru/lib/libcitro3d.a(effect.o)
                0x00104660                C3D_StencilTest
 .text.C3D_StencilOp
                0x001046a0       0x24 /opt/devkitpro/libctru/lib/libcitro3d.a(effect.o)
                0x001046a0                C3D_StencilOp
 .text.C3D_BlendingColor
                0x001046c4       0x1c /opt/devkitpro/libctru/lib/libcitro3d.a(effect.o)
                0x001046c4                C3D_BlendingColor
 .text.C3D_EarlyDepthTest
                0x001046e0       0x24 /opt/devkitpro/libctru/lib/libcitro3d.a(effect.o)
                0x001046e0                C3D_EarlyDepthTest
 .text.C3D_DepthTest
                0x00104704       0x2c /opt/devkitpro/libctru/lib/libcitro3d.a(effect.o)
                0x00104704                C3D_DepthTest
 .text.C3D_AlphaTest
                0x00104730       0x2c /opt/devkitpro/libctru/lib/libcitro3d.a(effect.o)
                0x00104730                C3D_AlphaTest
 .text.C3D_AlphaBlend
                0x0010475c       0x50 /opt/devkitpro/libctru/lib/libcitro3d.a(effect.o)
                0x0010475c                C3D_AlphaBlend
 .text.C3D_FragOpMode
                0x001047ac       0x30 /opt/devkitpro/libctru/lib/libcitro3d.a(effect.o)
                0x001047ac                C3D_FragOpMode
 .text.C3D_FragOpShadow
                0x001047dc       0x44 /opt/devkitpro/libctru/lib/libcitro3d.a(effect.o)
                0x001047dc                C3D_FragOpShadow
 .text.C3Di_EffectBind
                0x00104820      0x1ac /opt/devkitpro/libctru/lib/libcitro3d.a(effect.o)
                0x00104820                C3Di_EffectBind
 .text.C3D_CalcColorBufSize
                0x001049cc       0x1c /opt/devkitpro/libctru/lib/libcitro3d.a(framebuffer.o)
                0x001049cc                C3D_CalcColorBufSize
 .text.C3D_CalcDepthBufSize
                0x001049e8       0x1c /opt/devkitpro/libctru/lib/libcitro3d.a(framebuffer.o)
                0x001049e8                C3D_CalcDepthBufSize
 .text.C3D_SetFrameBuf
                0x00104a04       0x44 /opt/devkitpro/libctru/lib/libcitro3d.a(framebuffer.o)
                0x00104a04                C3D_SetFrameBuf
 .text.C3Di_FrameBufBind
                0x00104a48      0x16c /opt/devkitpro/libctru/lib/libcitro3d.a(framebuffer.o)
                0x00104a48                C3Di_FrameBufBind
 .text.C3D_FrameBufClear
                0x00104bb4       0xc8 /opt/devkitpro/libctru/lib/libcitro3d.a(framebuffer.o)
                0x00104bb4                C3D_FrameBufClear
 .text.C3D_FrameBufTransfer
                0x00104c7c       0x44 /opt/devkitpro/libctru/lib/libcitro3d.a(framebuffer.o)
                0x00104c7c                C3D_FrameBufTransfer
 .text.C3D_ImmSendAttrib
                0x00104cc0       0xa8 /opt/devkitpro/libctru/lib/libcitro3d.a(immediate.o)
                0x00104cc0                C3D_ImmSendAttrib
 .text.C3D_ProcTexInit
                0x00104d68       0x70 /opt/devkitpro/libctru/lib/libcitro3d.a(proctex.o)
                0x00104d68                C3D_ProcTexInit
 .text.C3D_ProcTexBind
                0x00104dd8       0x54 /opt/devkitpro/libctru/lib/libcitro3d.a(proctex.o)
                0x00104dd8                C3D_ProcTexBind
 .text.C3D_ProcTexLutBind
                0x00104e2c       0x5c /opt/devkitpro/libctru/lib/libcitro3d.a(proctex.o)
                0x00104e2c                C3D_ProcTexLutBind
 .text.ProcTexLut_FromArray
                0x00104e88       0xa4 /opt/devkitpro/libctru/lib/libcitro3d.a(proctex.o)
                0x00104e88                ProcTexLut_FromArray
 .text.C3Di_ProcTexUpdate
                0x00104f2c      0x178 /opt/devkitpro/libctru/lib/libcitro3d.a(proctex.o)
                0x00104f2c                C3Di_ProcTexUpdate
 .text.C3Di_ProcTexDirty
                0x001050a4       0x68 /opt/devkitpro/libctru/lib/libcitro3d.a(proctex.o)
                0x001050a4                C3Di_ProcTexDirty
 .text.onVBlank0
                0x0010510c       0x4c /opt/devkitpro/libctru/lib/libcitro3d.a(renderqueue.o)
 .text.onVBlank1
                0x00105158       0x4c /opt/devkitpro/libctru/lib/libcitro3d.a(renderqueue.o)
 .text.C3Di_RenderTargetDestroy
                0x001051a4       0x80 /opt/devkitpro/libctru/lib/libcitro3d.a(renderqueue.o)
 .text.onQueueFinish
                0x00105224       0xf4 /opt/devkitpro/libctru/lib/libcitro3d.a(renderqueue.o)
 .text.C3Di_RenderQueueEnableVBlank
                0x00105318       0x38 /opt/devkitpro/libctru/lib/libcitro3d.a(renderqueue.o)
                0x00105318                C3Di_RenderQueueEnableVBlank
 .text.C3Di_RenderQueueDisableVBlank
                0x00105350       0x30 /opt/devkitpro/libctru/lib/libcitro3d.a(renderqueue.o)
                0x00105350                C3Di_RenderQueueDisableVBlank
 .text.C3Di_RenderQueueInit
                0x00105380       0x60 /opt/devkitpro/libctru/lib/libcitro3d.a(renderqueue.o)
                0x00105380                C3Di_RenderQueueInit
 .text.C3Di_RenderQueueExit
                0x001053e0       0xb4 /opt/devkitpro/libctru/lib/libcitro3d.a(renderqueue.o)
                0x001053e0                C3Di_RenderQueueExit
 .text.C3Di_RenderQueueWaitDone
                0x00105494       0x34 /opt/devkitpro/libctru/lib/libcitro3d.a(renderqueue.o)
                0x00105494                C3Di_RenderQueueWaitDone
 .text.C3D_FrameBegin
                0x001054c8       0xe8 /opt/devkitpro/libctru/lib/libcitro3d.a(renderqueue.o)
                0x001054c8                C3D_FrameBegin
 .text.C3D_FrameDrawOn
                0x001055b0       0x48 /opt/devkitpro/libctru/lib/libcitro3d.a(renderqueue.o)
                0x001055b0                C3D_FrameDrawOn
 .text.C3D_FrameSplit
                0x001055f8       0x58 /opt/devkitpro/libctru/lib/libcitro3d.a(renderqueue.o)
                0x001055f8                C3D_FrameSplit
 .text.C3D_FrameEnd
                0x00105650      0x1d0 /opt/devkitpro/libctru/lib/libcitro3d.a(renderqueue.o)
                0x00105650                C3D_FrameEnd
 .text.C3D_FrameEndHook
                0x00105820       0x1c /opt/devkitpro/libctru/lib/libcitro3d.a(renderqueue.o)
                0x00105820                C3D_FrameEndHook
 .text.C3D_RenderTargetCreate
                0x0010583c      0x170 /opt/devkitpro/libctru/lib/libcitro3d.a(renderqueue.o)
                0x0010583c                C3D_RenderTargetCreate
 .text.C3D_RenderTargetSetOutput
                0x001059ac       0xa8 /opt/devkitpro/libctru/lib/libcitro3d.a(renderqueue.o)
                0x001059ac                C3D_RenderTargetSetOutput
 .text.C3D_GetTexEnv
                0x00105a54       0x34 /opt/devkitpro/libctru/lib/libcitro3d.a(texenv.o)
                0x00105a54                C3D_GetTexEnv
 .text.C3Di_TexEnvBind
                0x00105a88       0x24 /opt/devkitpro/libctru/lib/libcitro3d.a(texenv.o)
                0x00105a88                C3Di_TexEnvBind
 .text.C3D_TexBind
                0x00105aac       0x44 /opt/devkitpro/libctru/lib/libcitro3d.a(texture.o)
                0x00105aac                C3D_TexBind
 .text.C3Di_SetTex
                0x00105af0      0x14c /opt/devkitpro/libctru/lib/libcitro3d.a(texture.o)
                0x00105af0                C3Di_SetTex
 .text.C3D_UpdateUniforms
                0x00105c3c      0x290 /opt/devkitpro/libctru/lib/libcitro3d.a(uniforms.o)
                0x00105c3c                C3D_UpdateUniforms
 .text.C3Di_DirtyUniforms
                0x00105ecc       0xc0 /opt/devkitpro/libctru/lib/libcitro3d.a(uniforms.o)
                0x00105ecc                C3Di_DirtyUniforms
 .text.C3Di_LoadShaderUniforms
                0x00105f8c       0xd8 /opt/devkitpro/libctru/lib/libcitro3d.a(uniforms.o)
                0x00105f8c                C3Di_LoadShaderUniforms
 .text.C3Di_ClearShaderUniforms
                0x00106064       0x28 /opt/devkitpro/libctru/lib/libcitro3d.a(uniforms.o)
                0x00106064                C3Di_ClearShaderUniforms
 .text.Mtx_Ortho
                0x0010608c       0xcc /opt/devkitpro/libctru/lib/libcitro3d.a(mtx_ortho.o)
                0x0010608c                Mtx_Ortho
 .text.Mtx_OrthoTilt
                0x00106158       0xcc /opt/devkitpro/libctru/lib/libcitro3d.a(mtx_orthotilt.o)
                0x00106158                Mtx_OrthoTilt
 .text._ZL21addrMapNodeComparatorPK11rbtree_nodeS1_
                0x00106224       0x24 /opt/devkitpro/libctru/lib/libctru.a(linear.o)
 .text._ZL21addrMapNodeDestructorP11rbtree_node
                0x00106248        0x4 /opt/devkitpro/libctru/lib/libctru.a(linear.o)
 .text.linearMemAlign
                0x0010624c      0x12c /opt/devkitpro/libctru/lib/libctru.a(linear.o)
                0x0010624c                linearMemAlign
 .text.linearAlloc
                0x00106378        0x8 /opt/devkitpro/libctru/lib/libctru.a(linear.o)
                0x00106378                linearAlloc
 .text.linearFree
                0x00106380       0x5c /opt/devkitpro/libctru/lib/libctru.a(linear.o)
                0x00106380                linearFree
 .text._ZN7MemPool13CoalesceRightEP8MemBlock
                0x001063dc       0x88 /opt/devkitpro/libctru/lib/libctru.a(mem_pool.o)
                0x001063dc                MemPool::CoalesceRight(MemBlock*)
 .text._ZN7MemPool8AllocateER8MemChunkmi
                0x00106464      0x178 /opt/devkitpro/libctru/lib/libctru.a(mem_pool.o)
                0x00106464                MemPool::Allocate(MemChunk&, unsigned long, int)
 .text._ZN7MemPool10DeallocateERK8MemChunk
                0x001065dc      0x118 /opt/devkitpro/libctru/lib/libctru.a(mem_pool.o)
                0x001065dc                MemPool::Deallocate(MemChunk const&)
 .text._ZN7MemPool12GetFreeSpaceEv
                0x001066f4       0x30 /opt/devkitpro/libctru/lib/libctru.a(mem_pool.o)
                0x001066f4                MemPool::GetFreeSpace()
 .text._ZL21addrMapNodeComparatorPK11rbtree_nodeS1_
                0x00106724       0x24 /opt/devkitpro/libctru/lib/libctru.a(vram.o)
 .text._ZL21addrMapNodeDestructorP11rbtree_node
                0x00106748        0x4 /opt/devkitpro/libctru/lib/libctru.a(vram.o)
 .text.vramMemAlignAt
                0x0010674c      0x248 /opt/devkitpro/libctru/lib/libctru.a(vram.o)
                0x0010674c                vramMemAlignAt
 .text.vramAlloc
                0x00106994        0xc /opt/devkitpro/libctru/lib/libctru.a(vram.o)
                0x00106994                vramAlloc
 .text.vramAllocAt
                0x001069a0        0xc /opt/devkitpro/libctru/lib/libctru.a(vram.o)
                0x001069a0                vramAllocAt
 .text.vramFree
                0x001069ac       0x94 /opt/devkitpro/libctru/lib/libctru.a(vram.o)
                0x001069ac                vramFree
 .text.fontEnsureMapped
                0x00106a40       0x9c /opt/devkitpro/libctru/lib/libctru.a(font.o)
                0x00106a40                fontEnsureMapped
 .text.fontFixPointers
                0x00106adc       0x7c /opt/devkitpro/libctru/lib/libctru.a(font.o)
                0x00106adc                fontFixPointers
 .text.fontGlyphIndexFromCodePoint
                0x00106b58      0x100 /opt/devkitpro/libctru/lib/libctru.a(font.o)
                0x00106b58                fontGlyphIndexFromCodePoint
 .text.fontCalcGlyphPos
                0x00106c58      0x214 /opt/devkitpro/libctru/lib/libctru.a(font.o)
                0x00106c58                fontCalcGlyphPos
 .text.gfxPresentFramebuffer
                0x00106e6c       0xcc /opt/devkitpro/libctru/lib/libctru.a(gfx.o)
 .text.gfxIsWide
                0x00106f38       0x1c /opt/devkitpro/libctru/lib/libctru.a(gfx.o)
                0x00106f38                gfxIsWide
 .text.gfxSetScreenFormat
                0x00106f54       0xf8 /opt/devkitpro/libctru/lib/libctru.a(gfx.o)
                0x00106f54                gfxSetScreenFormat
 .text.gfxInit  0x0010704c       0xd8 /opt/devkitpro/libctru/lib/libctru.a(gfx.o)
                0x0010704c                gfxInit
 .text.gfxInitDefault
                0x00107124       0x10 /opt/devkitpro/libctru/lib/libctru.a(gfx.o)
                0x00107124                gfxInitDefault
 .text.gfxExit  0x00107134       0xb8 /opt/devkitpro/libctru/lib/libctru.a(gfx.o)
                0x00107134                gfxExit
 .text.gfxGetFramebuffer
                0x001071ec       0xa0 /opt/devkitpro/libctru/lib/libctru.a(gfx.o)
                0x001071ec                gfxGetFramebuffer
 .text.gfxScreenSwapBuffers
                0x0010728c       0x28 /opt/devkitpro/libctru/lib/libctru.a(gfx.o)
                0x0010728c                gfxScreenSwapBuffers
 .text.osConvertVirtToPhys
                0x001072b4       0x74 /opt/devkitpro/libctru/lib/libctru.a(os.o)
                0x001072b4                osConvertVirtToPhys
 .text.osGetTimeRef
                0x00107328       0x54 /opt/devkitpro/libctru/lib/libctru.a(os.o)
                0x00107328                osGetTimeRef
 .text.osGetTime
                0x0010737c       0xec /opt/devkitpro/libctru/lib/libctru.a(os.o)
                0x0010737c                osGetTime
 .text.__ctru_speedup_config
                0x00107468       0x34 /opt/devkitpro/libctru/lib/libctru.a(os.o)
                0x00107468                __ctru_speedup_config
 .text.romfs_close
                0x0010749c        0x8 /opt/devkitpro/libctru/lib/libctru.a(romfs_dev.o)
 .text.romfs_seek
                0x001074a4       0xac /opt/devkitpro/libctru/lib/libctru.a(romfs_dev.o)
 .text.romfs_dirreset
                0x00107550       0x24 /opt/devkitpro/libctru/lib/libctru.a(romfs_dev.o)
 .text.fill_dir
                0x00107574       0xc0 /opt/devkitpro/libctru/lib/libctru.a(romfs_dev.o)
 .text.romfs_dirnext
                0x00107634      0x2ac /opt/devkitpro/libctru/lib/libctru.a(romfs_dev.o)
 .text.romfs_free
                0x001078e0       0x74 /opt/devkitpro/libctru/lib/libctru.a(romfs_dev.o)
 .text.searchForFile.constprop.0
                0x00107954       0xd0 /opt/devkitpro/libctru/lib/libctru.a(romfs_dev.o)
 .text.searchForDir.constprop.0
                0x00107a24       0xd4 /opt/devkitpro/libctru/lib/libctru.a(romfs_dev.o)
 .text.navigateToDir.constprop.0
                0x00107af8      0x1c0 /opt/devkitpro/libctru/lib/libctru.a(romfs_dev.o)
 .text.romfs_open
                0x00107cb8      0x114 /opt/devkitpro/libctru/lib/libctru.a(romfs_dev.o)
 .text.romfs_chdir
                0x00107dcc       0x4c /opt/devkitpro/libctru/lib/libctru.a(romfs_dev.o)
 .text.romfs_diropen
                0x00107e18       0x68 /opt/devkitpro/libctru/lib/libctru.a(romfs_dev.o)
 .text.romfs_stat
                0x00107e80      0x178 /opt/devkitpro/libctru/lib/libctru.a(romfs_dev.o)
 .text.romfs_dirclose
                0x00107ff8        0x8 /opt/devkitpro/libctru/lib/libctru.a(romfs_dev.o)
 .text.romfs_fstat
                0x00108000       0x7c /opt/devkitpro/libctru/lib/libctru.a(romfs_dev.o)
 .text.romfs_read
                0x0010807c       0xd0 /opt/devkitpro/libctru/lib/libctru.a(romfs_dev.o)
 .text.romfsMountFromFile
                0x0010814c      0x28c /opt/devkitpro/libctru/lib/libctru.a(romfs_dev.o)
                0x0010814c                romfsMountFromFile
 .text.romfsMountFromTitle
                0x001083d8       0xac /opt/devkitpro/libctru/lib/libctru.a(romfs_dev.o)
                0x001083d8                romfsMountFromTitle
 .text.romfsUnmount
                0x00108484       0xa0 /opt/devkitpro/libctru/lib/libctru.a(romfs_dev.o)
                0x00108484                romfsUnmount
 .text.GPUCMD_Add
                0x00108524      0x13c /opt/devkitpro/libctru/lib/libctru.a(gpu.o)
                0x00108524                GPUCMD_Add
 .text.GPUCMD_Split
                0x00108660       0xb0 /opt/devkitpro/libctru/lib/libctru.a(gpu.o)
                0x00108660                GPUCMD_Split
 .text.f32tof16
                0x00108710       0x34 /opt/devkitpro/libctru/lib/libctru.a(gpu.o)
                0x00108710                f32tof16
 .text.f32tof24
                0x00108744       0x34 /opt/devkitpro/libctru/lib/libctru.a(gpu.o)
                0x00108744                f32tof24
 .text.f32tof31
                0x00108778       0x38 /opt/devkitpro/libctru/lib/libctru.a(gpu.o)
                0x00108778                f32tof31
 .text.GX_BindQueue
                0x001087b0       0x10 /opt/devkitpro/libctru/lib/libctru.a(gx.o)
                0x001087b0                GX_BindQueue
 .text.GX_ProcessCommandList
                0x001087c0       0x7c /opt/devkitpro/libctru/lib/libctru.a(gx.o)
                0x001087c0                GX_ProcessCommandList
 .text.GX_MemoryFill
                0x0010883c       0x74 /opt/devkitpro/libctru/lib/libctru.a(gx.o)
                0x0010883c                GX_MemoryFill
 .text.GX_DisplayTransfer
                0x001088b0       0x74 /opt/devkitpro/libctru/lib/libctru.a(gx.o)
                0x001088b0                GX_DisplayTransfer
 .text.gxCmdQueueDoCommands.part.0
                0x00108924       0x64 /opt/devkitpro/libctru/lib/libctru.a(gxqueue.o)
 .text.gxCmdQueueInterrupt
                0x00108988       0xe4 /opt/devkitpro/libctru/lib/libctru.a(gxqueue.o)
                0x00108988                gxCmdQueueInterrupt
 .text.gxCmdQueueClear
                0x00108a6c       0x68 /opt/devkitpro/libctru/lib/libctru.a(gxqueue.o)
                0x00108a6c                gxCmdQueueClear
 .text.gxCmdQueueAdd
                0x00108ad4      0x108 /opt/devkitpro/libctru/lib/libctru.a(gxqueue.o)
                0x00108ad4                gxCmdQueueAdd
 .text.gxCmdQueueRun
                0x00108bdc       0x80 /opt/devkitpro/libctru/lib/libctru.a(gxqueue.o)
                0x00108bdc                gxCmdQueueRun
 .text.gxCmdQueueStop
                0x00108c5c       0x64 /opt/devkitpro/libctru/lib/libctru.a(gxqueue.o)
                0x00108c5c                gxCmdQueueStop
 .text.gxCmdQueueWait
                0x00108cc0       0x8c /opt/devkitpro/libctru/lib/libctru.a(gxqueue.o)
                0x00108cc0                gxCmdQueueWait
 .text.shaderInstanceInit
                0x00108d4c      0x1e0 /opt/devkitpro/libctru/lib/libctru.a(shaderProgram.o)
                0x00108d4c                shaderInstanceInit
 .text.shaderInstanceGetUniformLocation
                0x00108f2c       0x18 /opt/devkitpro/libctru/lib/libctru.a(shaderProgram.o)
                0x00108f2c                shaderInstanceGetUniformLocation
 .text.shaderProgramInit
                0x00108f44       0x1c /opt/devkitpro/libctru/lib/libctru.a(shaderProgram.o)
                0x00108f44                shaderProgramInit
 .text.shaderProgramFree
                0x00108f60       0x74 /opt/devkitpro/libctru/lib/libctru.a(shaderProgram.o)
                0x00108f60                shaderProgramFree
 .text.shaderProgramSetVsh
                0x00108fd4       0x94 /opt/devkitpro/libctru/lib/libctru.a(shaderProgram.o)
                0x00108fd4                shaderProgramSetVsh
 .text.shaderProgramConfigure
                0x00109068      0x8d0 /opt/devkitpro/libctru/lib/libctru.a(shaderProgram.o)
                0x00109068                shaderProgramConfigure
 .text.DVLE_GenerateOutmap.part.0
                0x00109938      0x1dc /opt/devkitpro/libctru/lib/libctru.a(shbin.o)
 .text.DVLB_ParseFile
                0x00109b14      0x1ac /opt/devkitpro/libctru/lib/libctru.a(shbin.o)
                0x00109b14                DVLB_ParseFile
 .text.DVLB_Free
                0x00109cc0       0x50 /opt/devkitpro/libctru/lib/libctru.a(shbin.o)
                0x00109cc0                DVLB_Free
 .text.DVLE_GetUniformRegister
                0x00109d10       0x74 /opt/devkitpro/libctru/lib/libctru.a(shbin.o)
                0x00109d10                DVLE_GetUniformRegister
 .text.aptConvertScreenForCapture
                0x00109d84      0x180 /opt/devkitpro/libctru/lib/libctru.a(apt.o)
 .text.aptDspSleep
                0x00109f04        0x8 /opt/devkitpro/libctru/lib/libctru.a(apt.o)
                0x00109f04                aptDspSleep
 .text.aptDspWakeup
                0x00109f0c        0x4 /opt/devkitpro/libctru/lib/libctru.a(apt.o)
                0x00109f0c                aptDspWakeup
 .text.aptDspCancel
                0x00109f10        0x4 /opt/devkitpro/libctru/lib/libctru.a(apt.o)
                0x00109f10                aptDspCancel
 .text.aptSendCommand
                0x00109f14      0x138 /opt/devkitpro/libctru/lib/libctru.a(apt.o)
                0x00109f14                aptSendCommand
 *fill*         0x0010a04c        0x4 
 .text.aptExitProcess
                0x0010a050       0x44 /opt/devkitpro/libctru/lib/libctru.a(apt.o)
 .text.aptExit  0x0010a094      0x394 /opt/devkitpro/libctru/lib/libctru.a(apt.o)
                0x0010a094                aptExit
 .text.aptHandleSleep
                0x0010a428       0xd8 /opt/devkitpro/libctru/lib/libctru.a(apt.o)
                0x0010a428                aptHandleSleep
 .text.aptHook  0x0010a500       0x34 /opt/devkitpro/libctru/lib/libctru.a(apt.o)
                0x0010a500                aptHook
 .text.aptUnhook
                0x0010a534       0x30 /opt/devkitpro/libctru/lib/libctru.a(apt.o)
                0x0010a534                aptUnhook
 .text.aptSetMessageCallback
                0x0010a564       0x1c /opt/devkitpro/libctru/lib/libctru.a(apt.o)
                0x0010a564                aptSetMessageCallback
 .text.APT_SleepIfShellClosed
                0x0010a580       0x84 /opt/devkitpro/libctru/lib/libctru.a(apt.o)
                0x0010a580                APT_SleepIfShellClosed
 .text.aptSetSleepAllowed
                0x0010a604       0x78 /opt/devkitpro/libctru/lib/libctru.a(apt.o)
                0x0010a604                aptSetSleepAllowed
 .text.APT_UnlockTransition
                0x0010a67c       0x84 /opt/devkitpro/libctru/lib/libctru.a(apt.o)
                0x0010a67c                APT_UnlockTransition
 .text.aptEventHandler
                0x0010a700      0x470 /opt/devkitpro/libctru/lib/libctru.a(apt.o)
 .text.APT_ReceiveParameter
                0x0010ab70       0xbc /opt/devkitpro/libctru/lib/libctru.a(apt.o)
                0x0010ab70                APT_ReceiveParameter
 .text.aptReceiveParameter.constprop.0
                0x0010ac2c       0xb0 /opt/devkitpro/libctru/lib/libctru.a(apt.o)
 *fill*         0x0010acdc        0x4 
 .text.aptScreenTransfer
                0x0010ace0      0x294 /opt/devkitpro/libctru/lib/libctru.a(apt.o)
 .text.aptWaitForWakeUp.isra.0
                0x0010af74      0x2d0 /opt/devkitpro/libctru/lib/libctru.a(apt.o)
 .text.aptLaunchLibraryApplet
                0x0010b244      0x114 /opt/devkitpro/libctru/lib/libctru.a(apt.o)
                0x0010b244                aptLaunchLibraryApplet
 .text.aptJumpToHomeMenu
                0x0010b358       0xf4 /opt/devkitpro/libctru/lib/libctru.a(apt.o)
                0x0010b358                aptJumpToHomeMenu
 .text.aptMainLoop
                0x0010b44c       0x58 /opt/devkitpro/libctru/lib/libctru.a(apt.o)
                0x0010b44c                aptMainLoop
 .text.aptInit  0x0010b4a4      0x240 /opt/devkitpro/libctru/lib/libctru.a(apt.o)
                0x0010b4a4                aptInit
 .text.APT_SendParameter
                0x0010b6e4       0x5c /opt/devkitpro/libctru/lib/libctru.a(apt.o)
                0x0010b6e4                APT_SendParameter
 .text.APT_CheckNew3DS
                0x0010b740       0x90 /opt/devkitpro/libctru/lib/libctru.a(apt.o)
                0x0010b740                APT_CheckNew3DS
 .text.APT_GetSharedFont
                0x0010b7d0       0x48 /opt/devkitpro/libctru/lib/libctru.a(apt.o)
                0x0010b7d0                APT_GetSharedFont
 .text.CFGU_SecureInfoGetRegion
                0x0010b818       0x38 /opt/devkitpro/libctru/lib/libctru.a(cfgu.o)
                0x0010b818                CFGU_SecureInfoGetRegion
 .text.fsInit   0x0010b850      0x104 /opt/devkitpro/libctru/lib/libctru.a(fs.o)
                0x0010b850                fsInit
 .text.fsExit   0x0010b954       0x3c /opt/devkitpro/libctru/lib/libctru.a(fs.o)
                0x0010b954                fsExit
 .text.fsExemptFromSession
                0x0010b990       0x68 /opt/devkitpro/libctru/lib/libctru.a(fs.o)
                0x0010b990                fsExemptFromSession
 .text.fsUnexemptFromSession
                0x0010b9f8       0x50 /opt/devkitpro/libctru/lib/libctru.a(fs.o)
                0x0010b9f8                fsUnexemptFromSession
 .text.FSUSER_OpenFile
                0x0010ba48       0xcc /opt/devkitpro/libctru/lib/libctru.a(fs.o)
                0x0010ba48                FSUSER_OpenFile
 .text.FSUSER_OpenFileDirectly
                0x0010bb14       0xcc /opt/devkitpro/libctru/lib/libctru.a(fs.o)
                0x0010bb14                FSUSER_OpenFileDirectly
 .text.FSUSER_DeleteFile
                0x0010bbe0       0xb8 /opt/devkitpro/libctru/lib/libctru.a(fs.o)
                0x0010bbe0                FSUSER_DeleteFile
 .text.FSUSER_RenameFile
                0x0010bc98       0xf4 /opt/devkitpro/libctru/lib/libctru.a(fs.o)
                0x0010bc98                FSUSER_RenameFile
 .text.FSUSER_DeleteDirectory
                0x0010bd8c       0xb8 /opt/devkitpro/libctru/lib/libctru.a(fs.o)
                0x0010bd8c                FSUSER_DeleteDirectory
 .text.FSUSER_CreateFile
                0x0010be44       0xd0 /opt/devkitpro/libctru/lib/libctru.a(fs.o)
                0x0010be44                FSUSER_CreateFile
 .text.FSUSER_CreateDirectory
                0x0010bf14       0xc0 /opt/devkitpro/libctru/lib/libctru.a(fs.o)
                0x0010bf14                FSUSER_CreateDirectory
 .text.FSUSER_RenameDirectory
                0x0010bfd4       0xf4 /opt/devkitpro/libctru/lib/libctru.a(fs.o)
                0x0010bfd4                FSUSER_RenameDirectory
 .text.FSUSER_OpenDirectory
                0x0010c0c8       0xb4 /opt/devkitpro/libctru/lib/libctru.a(fs.o)
                0x0010c0c8                FSUSER_OpenDirectory
 .text.FSUSER_OpenArchive
                0x0010c17c       0x90 /opt/devkitpro/libctru/lib/libctru.a(fs.o)
                0x0010c17c                FSUSER_OpenArchive
 .text.FSUSER_CloseArchive
                0x0010c20c       0x8c /opt/devkitpro/libctru/lib/libctru.a(fs.o)
                0x0010c20c                FSUSER_CloseArchive
 .text.FSUSER_GetSdmcArchiveResource
                0x0010c298       0x74 /opt/devkitpro/libctru/lib/libctru.a(fs.o)
                0x0010c298                FSUSER_GetSdmcArchiveResource
 .text.FSUSER_IsSdmcWritable
                0x0010c30c       0x64 /opt/devkitpro/libctru/lib/libctru.a(fs.o)
                0x0010c30c                FSUSER_IsSdmcWritable
 .text.FSFILE_Read
                0x0010c370       0x64 /opt/devkitpro/libctru/lib/libctru.a(fs.o)
                0x0010c370                FSFILE_Read
 .text.FSFILE_Write
                0x0010c3d4       0x6c /opt/devkitpro/libctru/lib/libctru.a(fs.o)
                0x0010c3d4                FSFILE_Write
 .text.FSFILE_GetSize
                0x0010c440       0x44 /opt/devkitpro/libctru/lib/libctru.a(fs.o)
                0x0010c440                FSFILE_GetSize
 .text.FSFILE_SetSize
                0x0010c484       0x28 /opt/devkitpro/libctru/lib/libctru.a(fs.o)
                0x0010c484                FSFILE_SetSize
 .text.FSFILE_Close
                0x0010c4ac       0x3c /opt/devkitpro/libctru/lib/libctru.a(fs.o)
                0x0010c4ac                FSFILE_Close
 .text.FSFILE_Flush
                0x0010c4e8       0x24 /opt/devkitpro/libctru/lib/libctru.a(fs.o)
                0x0010c4e8                FSFILE_Flush
 .text.FSDIR_Read
                0x0010c50c       0x60 /opt/devkitpro/libctru/lib/libctru.a(fs.o)
                0x0010c50c                FSDIR_Read
 .text.FSDIR_Close
                0x0010c56c       0x3c /opt/devkitpro/libctru/lib/libctru.a(fs.o)
                0x0010c56c                FSDIR_Close
 .text.gspHardwareInit
                0x0010c5a8      0xc70 /opt/devkitpro/libctru/lib/libctru.a(gspgpu.o)
 .text.gspInit  0x0010d218      0x280 /opt/devkitpro/libctru/lib/libctru.a(gspgpu.o)
                0x0010d218                gspInit
 .text.gspExit  0x0010d498      0x110 /opt/devkitpro/libctru/lib/libctru.a(gspgpu.o)
                0x0010d498                gspExit
 .text.gspHasGpuRight
                0x0010d5a8       0x10 /opt/devkitpro/libctru/lib/libctru.a(gspgpu.o)
                0x0010d5a8                gspHasGpuRight
 .text.gspPresentBuffer
                0x0010d5b8       0xa4 /opt/devkitpro/libctru/lib/libctru.a(gspgpu.o)
                0x0010d5b8                gspPresentBuffer
 .text.gspSetEventCallback
                0x0010d65c       0x30 /opt/devkitpro/libctru/lib/libctru.a(gspgpu.o)
                0x0010d65c                gspSetEventCallback
 .text.gspWaitForEvent
                0x0010d68c       0x50 /opt/devkitpro/libctru/lib/libctru.a(gspgpu.o)
                0x0010d68c                gspWaitForEvent
 .text.gspWaitForAnyEvent
                0x0010d6dc       0x4c /opt/devkitpro/libctru/lib/libctru.a(gspgpu.o)
                0x0010d6dc                gspWaitForAnyEvent
 .text.gspEventThreadMain
                0x0010d728      0x154 /opt/devkitpro/libctru/lib/libctru.a(gspgpu.o)
 .text.gspSubmitGxCommand
                0x0010d87c      0x12c /opt/devkitpro/libctru/lib/libctru.a(gspgpu.o)
                0x0010d87c                gspSubmitGxCommand
 .text.GSPGPU_FlushDataCache
                0x0010d9a8       0x50 /opt/devkitpro/libctru/lib/libctru.a(gspgpu.o)
                0x0010d9a8                GSPGPU_FlushDataCache
 .text.GSPGPU_SetLcdForceBlack
                0x0010d9f8       0x34 /opt/devkitpro/libctru/lib/libctru.a(gspgpu.o)
                0x0010d9f8                GSPGPU_SetLcdForceBlack
 .text.GSPGPU_AcquireRight
                0x0010da2c       0x80 /opt/devkitpro/libctru/lib/libctru.a(gspgpu.o)
                0x0010da2c                GSPGPU_AcquireRight
 .text.GSPGPU_ReleaseRight
                0x0010daac       0x5c /opt/devkitpro/libctru/lib/libctru.a(gspgpu.o)
                0x0010daac                GSPGPU_ReleaseRight
 .text.GSPGPU_ImportDisplayCaptureInfo
                0x0010db08       0x7c /opt/devkitpro/libctru/lib/libctru.a(gspgpu.o)
                0x0010db08                GSPGPU_ImportDisplayCaptureInfo
 .text.GSPGPU_SaveVramSysArea
                0x0010db84       0x2c /opt/devkitpro/libctru/lib/libctru.a(gspgpu.o)
                0x0010db84                GSPGPU_SaveVramSysArea
 .text.GSPGPU_RestoreVramSysArea
                0x0010dbb0       0x2c /opt/devkitpro/libctru/lib/libctru.a(gspgpu.o)
                0x0010dbb0                GSPGPU_RestoreVramSysArea
 .text.hidShouldUseIrrst
                0x0010dbdc       0x24 /opt/devkitpro/libctru/lib/libctru.a(hid.o)
                0x0010dbdc                hidShouldUseIrrst
 .text.hidInit  0x0010dc00      0x1cc /opt/devkitpro/libctru/lib/libctru.a(hid.o)
                0x0010dc00                hidInit
 .text.hidExit  0x0010ddcc       0xe8 /opt/devkitpro/libctru/lib/libctru.a(hid.o)
                0x0010ddcc                hidExit
 .text.hidScanInput
                0x0010deb4      0x2a0 /opt/devkitpro/libctru/lib/libctru.a(hid.o)
                0x0010deb4                hidScanInput
 .text.hidKeysDown
                0x0010e154       0x10 /opt/devkitpro/libctru/lib/libctru.a(hid.o)
                0x0010e154                hidKeysDown
 .text.irrstInit
                0x0010e164      0x1a4 /opt/devkitpro/libctru/lib/libctru.a(irrst.o)
                0x0010e164                irrstInit
 .text.irrstExit
                0x0010e308       0xdc /opt/devkitpro/libctru/lib/libctru.a(irrst.o)
                0x0010e308                irrstExit
 .text.irrstScanInput
                0x0010e3e4       0xb4 /opt/devkitpro/libctru/lib/libctru.a(irrst.o)
                0x0010e3e4                irrstScanInput
 .text.irrstKeysHeld
                0x0010e498       0x24 /opt/devkitpro/libctru/lib/libctru.a(irrst.o)
                0x0010e498                irrstKeysHeld
 .text.ptmSysmInit
                0x0010e4bc       0x78 /opt/devkitpro/libctru/lib/libctru.a(ptmsysm.o)
                0x0010e4bc                ptmSysmInit
 .text.ptmSysmExit
                0x0010e534       0x3c /opt/devkitpro/libctru/lib/libctru.a(ptmsysm.o)
                0x0010e534                ptmSysmExit
 .text.PTMSYSM_ConfigureNew3DSCPU
                0x0010e570       0x34 /opt/devkitpro/libctru/lib/libctru.a(ptmsysm.o)
                0x0010e570                PTMSYSM_ConfigureNew3DSCPU
 .text.soc_open
                0x0010e5a4       0x14 /opt/devkitpro/libctru/lib/libctru.a(soc_init.o)
 .text.soc_read
                0x0010e5b8       0x34 /opt/devkitpro/libctru/lib/libctru.a(soc_init.o)
 .text.soc_write
                0x0010e5ec       0x34 /opt/devkitpro/libctru/lib/libctru.a(soc_init.o)
 .text.soc_close
                0x0010e620       0xb0 /opt/devkitpro/libctru/lib/libctru.a(soc_init.o)
 .text.socInit  0x0010e6d0      0x190 /opt/devkitpro/libctru/lib/libctru.a(soc_init.o)
                0x0010e6d0                socInit
 .text.socExit  0x0010e860       0x88 /opt/devkitpro/libctru/lib/libctru.a(soc_init.o)
                0x0010e860                socExit
 .text.socuipc_cmd7
                0x0010e8e8      0x148 /opt/devkitpro/libctru/lib/libctru.a(soc_recvfrom.o)
                0x0010e8e8                socuipc_cmd7
 .text.socuipc_cmd8
                0x0010ea30      0x168 /opt/devkitpro/libctru/lib/libctru.a(soc_recvfrom.o)
                0x0010ea30                socuipc_cmd8
 .text.soc_recvfrom
                0x0010eb98       0x10 /opt/devkitpro/libctru/lib/libctru.a(soc_recvfrom.o)
                0x0010eb98                soc_recvfrom
 .text.socuipc_cmd9
                0x0010eba8      0x15c /opt/devkitpro/libctru/lib/libctru.a(soc_sendto.o)
                0x0010eba8                socuipc_cmd9
 .text.socuipc_cmda
                0x0010ed04      0x160 /opt/devkitpro/libctru/lib/libctru.a(soc_sendto.o)
                0x0010ed04                socuipc_cmda
 .text.soc_sendto
                0x0010ee64       0x10 /opt/devkitpro/libctru/lib/libctru.a(soc_sendto.o)
                0x0010ee64                soc_sendto
 .text.swkbdMessageCallback
                0x0010ee74      0x190 /opt/devkitpro/libctru/lib/libctru.a(swkbd.o)
 .text.swkbdInit
                0x0010f004       0x84 /opt/devkitpro/libctru/lib/libctru.a(swkbd.o)
                0x0010f004                swkbdInit
 .text.swkbdSetHintText
                0x0010f088       0x64 /opt/devkitpro/libctru/lib/libctru.a(swkbd.o)
                0x0010f088                swkbdSetHintText
 .text.swkbdSetButton
                0x0010f0ec       0x88 /opt/devkitpro/libctru/lib/libctru.a(swkbd.o)
                0x0010f0ec                swkbdSetButton
 .text.swkbdSetInitialText
                0x0010f174        0x8 /opt/devkitpro/libctru/lib/libctru.a(swkbd.o)
                0x0010f174                swkbdSetInitialText
 .text.swkbdInputText
                0x0010f17c      0x3a8 /opt/devkitpro/libctru/lib/libctru.a(swkbd.o)
                0x0010f17c                swkbdInputText
 .text.buffer_read
                0x0010f524       0xe0 /opt/devkitpro/libctru/lib/libctru.a(decompress.o)
 .text.iov_memmove
                0x0010f604      0x164 /opt/devkitpro/libctru/lib/libctru.a(decompress.o)
 .text.decompress_lz11
                0x0010f768      0x418 /opt/devkitpro/libctru/lib/libctru.a(decompress.o)
 .text.decompressV_LZ11
                0x0010fb80      0x110 /opt/devkitpro/libctru/lib/libctru.a(decompress.o)
                0x0010fb80                decompressV_LZ11
 .text.rbtree_find
                0x0010fc90       0x74 /opt/devkitpro/libctru/lib/libctru.a(rbtree_find.o)
                0x0010fc90                rbtree_find
 .text.rbtree_init
                0x0010fd04       0x10 /opt/devkitpro/libctru/lib/libctru.a(rbtree_init.o)
                0x0010fd04                rbtree_init
 .text.do_insert
                0x0010fd14      0x198 /opt/devkitpro/libctru/lib/libctru.a(rbtree_insert.o)
 .text.rbtree_insert
                0x0010feac        0x8 /opt/devkitpro/libctru/lib/libctru.a(rbtree_insert.o)
                0x0010feac                rbtree_insert
 .text.rbtree_remove
                0x0010feb4      0x310 /opt/devkitpro/libctru/lib/libctru.a(rbtree_remove.o)
                0x0010feb4                rbtree_remove
 .text.rbtree_rotate
                0x001101c4       0x90 /opt/devkitpro/libctru/lib/libctru.a(rbtree_rotate.o)
                0x001101c4                rbtree_rotate
 .text.decode_utf8
                0x00110254      0x140 /opt/devkitpro/libctru/lib/libctru.a(decode_utf8.o)
                0x00110254                decode_utf8
 .text.utf16_to_utf8
                0x00110394       0xe8 /opt/devkitpro/libctru/lib/libctru.a(utf16_to_utf8.o)
                0x00110394                utf16_to_utf8
 .text.utf8_to_utf16
                0x0011047c       0xc0 /opt/devkitpro/libctru/lib/libctru.a(utf8_to_utf16.o)
                0x0011047c                utf8_to_utf16
 *fill*         0x0011053c        0x4 
 .text.__system_allocateHeaps
                0x00110540      0x1e8 /opt/devkitpro/libctru/lib/libctru.a(allocateHeaps.o)
                0x00110540                __system_allocateHeaps
 .text.__libctru_init
                0x00110728       0x38 /opt/devkitpro/libctru/lib/libctru.a(ctru_init.o)
                0x00110728                __libctru_init
 .text.__system_initArgv
                0x00110760      0x16c /opt/devkitpro/libctru/lib/libctru.a(initArgv.o)
                0x00110760                __system_initArgv
 .text.__syscall_getreent
                0x001108cc       0x30 /opt/devkitpro/libctru/lib/libctru.a(syscalls.o)
                0x001108cc                __syscall_getreent
 .text.__syscall_gettod_r
                0x001108fc       0x64 /opt/devkitpro/libctru/lib/libctru.a(syscalls.o)
                0x001108fc                __syscall_gettod_r
 .text.__syscall_lock_acquire
                0x00110960        0x4 /opt/devkitpro/libctru/lib/libctru.a(syscalls.o)
                0x00110960                __syscall_lock_acquire
 .text.__syscall_lock_release
                0x00110964        0x4 /opt/devkitpro/libctru/lib/libctru.a(syscalls.o)
                0x00110964                __syscall_lock_release
 .text.__syscall_lock_acquire_recursive
                0x00110968        0x4 /opt/devkitpro/libctru/lib/libctru.a(syscalls.o)
                0x00110968                __syscall_lock_acquire_recursive
 .text.__syscall_lock_release_recursive
                0x0011096c        0x4 /opt/devkitpro/libctru/lib/libctru.a(syscalls.o)
                0x0011096c                __syscall_lock_release_recursive
 .text.__syscall_exit
                0x00110970        0x4 /opt/devkitpro/libctru/lib/libctru.a(syscalls.o)
                0x00110970                __syscall_exit
 .text.initThreadVars
                0x00110974       0x54 /opt/devkitpro/libctru/lib/libctru.a(syscalls.o)
                0x00110974                initThreadVars
 .text.__system_initSyscalls
                0x001109c8       0x80 /opt/devkitpro/libctru/lib/libctru.a(syscalls.o)
                0x001109c8                __system_initSyscalls
 .text.svcControlMemory
                0x00110a48       0x20 /opt/devkitpro/libctru/lib/libctru.a(svc.o)
                0x00110a48                svcControlMemory
 .text.svcQueryMemory
                0x00110a68       0x30 /opt/devkitpro/libctru/lib/libctru.a(svc.o)
                0x00110a68                svcQueryMemory
 .text.svcExitProcess
                0x00110a98        0x8 /opt/devkitpro/libctru/lib/libctru.a(svc.o)
                0x00110a98                svcExitProcess
 .text.svcCreateThread
                0x00110aa0       0x20 /opt/devkitpro/libctru/lib/libctru.a(svc.o)
                0x00110aa0                svcCreateThread
 .text.svcExitThread
                0x00110ac0        0x8 /opt/devkitpro/libctru/lib/libctru.a(svc.o)
                0x00110ac0                svcExitThread
 .text.svcSleepThread
                0x00110ac8        0x8 /opt/devkitpro/libctru/lib/libctru.a(svc.o)
                0x00110ac8                svcSleepThread
 .text.svcReleaseMutex
                0x00110ad0        0x8 /opt/devkitpro/libctru/lib/libctru.a(svc.o)
                0x00110ad0                svcReleaseMutex
 .text.svcCreateEvent
                0x00110ad8       0x14 /opt/devkitpro/libctru/lib/libctru.a(svc.o)
                0x00110ad8                svcCreateEvent
 .text.svcSignalEvent
                0x00110aec        0x8 /opt/devkitpro/libctru/lib/libctru.a(svc.o)
                0x00110aec                svcSignalEvent
 .text.svcClearEvent
                0x00110af4        0x8 /opt/devkitpro/libctru/lib/libctru.a(svc.o)
                0x00110af4                svcClearEvent
 .text.svcCreateMemoryBlock
                0x00110afc       0x18 /opt/devkitpro/libctru/lib/libctru.a(svc.o)
                0x00110afc                svcCreateMemoryBlock
 .text.svcMapMemoryBlock
                0x00110b14        0x8 /opt/devkitpro/libctru/lib/libctru.a(svc.o)
                0x00110b14                svcMapMemoryBlock
 .text.svcUnmapMemoryBlock
                0x00110b1c        0x8 /opt/devkitpro/libctru/lib/libctru.a(svc.o)
                0x00110b1c                svcUnmapMemoryBlock
 .text.svcCreateAddressArbiter
                0x00110b24       0x14 /opt/devkitpro/libctru/lib/libctru.a(svc.o)
                0x00110b24                svcCreateAddressArbiter
 .text.svcArbitrateAddressNoTimeout
                0x00110b38        0x8 /opt/devkitpro/libctru/lib/libctru.a(svc.o)
                0x00110b38                svcArbitrateAddressNoTimeout
 .text.svcCloseHandle
                0x00110b40        0x8 /opt/devkitpro/libctru/lib/libctru.a(svc.o)
                0x00110b40                svcCloseHandle
 .text.svcWaitSynchronization
                0x00110b48        0x8 /opt/devkitpro/libctru/lib/libctru.a(svc.o)
                0x00110b48                svcWaitSynchronization
 .text.svcWaitSynchronizationN
                0x00110b50       0x28 /opt/devkitpro/libctru/lib/libctru.a(svc.o)
                0x00110b50                svcWaitSynchronizationN
 .text.svcDuplicateHandle
                0x00110b78       0x14 /opt/devkitpro/libctru/lib/libctru.a(svc.o)
                0x00110b78                svcDuplicateHandle
 .text.svcGetSystemTick
                0x00110b8c        0x8 /opt/devkitpro/libctru/lib/libctru.a(svc.o)
                0x00110b8c                svcGetSystemTick
 .text.svcConnectToPort
                0x00110b94       0x14 /opt/devkitpro/libctru/lib/libctru.a(svc.o)
                0x00110b94                svcConnectToPort
 .text.svcSendSyncRequest
                0x00110ba8        0x8 /opt/devkitpro/libctru/lib/libctru.a(svc.o)
                0x00110ba8                svcSendSyncRequest
 .text.svcGetResourceLimit
                0x00110bb0       0x14 /opt/devkitpro/libctru/lib/libctru.a(svc.o)
                0x00110bb0                svcGetResourceLimit
 .text.svcGetResourceLimitLimitValues
                0x00110bc4        0x8 /opt/devkitpro/libctru/lib/libctru.a(svc.o)
                0x00110bc4                svcGetResourceLimitLimitValues
 .text.svcGetResourceLimitCurrentValues
                0x00110bcc        0x8 /opt/devkitpro/libctru/lib/libctru.a(svc.o)
                0x00110bcc                svcGetResourceLimitCurrentValues
 .text.svcBreak
                0x00110bd4        0x8 /opt/devkitpro/libctru/lib/libctru.a(svc.o)
                0x00110bd4                svcBreak
 .text.__aeabi_read_tp
                0x00110bdc        0xc /opt/devkitpro/libctru/lib/libctru.a(readtp.o)
                0x00110bdc                __aeabi_read_tp
 .text.initSystem
                0x00110be8       0x50 /opt/devkitpro/libctru/lib/libctru.a(stack_adjust.o)
                0x00110be8                initSystem
 .text.__ctru_exit
                0x00110c38       0x14 /opt/devkitpro/libctru/lib/libctru.a(stack_adjust.o)
                0x00110c38                __ctru_exit
 .text.envGetHandle
                0x00110c4c       0x8c /opt/devkitpro/libctru/lib/libctru.a(env.o)
                0x00110c4c                envGetHandle
 .text.envDestroyHandles
                0x00110cd8       0x50 /opt/devkitpro/libctru/lib/libctru.a(env.o)
                0x00110cd8                envDestroyHandles
 .text.srvInit  0x00110d28      0x164 /opt/devkitpro/libctru/lib/libctru.a(srv.o)
                0x00110d28                srvInit
 .text.srvExit  0x00110e8c       0x64 /opt/devkitpro/libctru/lib/libctru.a(srv.o)
                0x00110e8c                srvExit
 .text.srvEnableNotification
                0x00110ef0       0x60 /opt/devkitpro/libctru/lib/libctru.a(srv.o)
                0x00110ef0                srvEnableNotification
 .text.srvGetServiceHandleDirect
                0x00110f50       0xa0 /opt/devkitpro/libctru/lib/libctru.a(srv.o)
                0x00110f50                srvGetServiceHandleDirect
 .text.srvGetServiceHandle
                0x00110ff0       0x48 /opt/devkitpro/libctru/lib/libctru.a(srv.o)
                0x00110ff0                srvGetServiceHandle
 .text.srvSubscribe
                0x00111038       0x34 /opt/devkitpro/libctru/lib/libctru.a(srv.o)
                0x00111038                srvSubscribe
 .text.srvReceiveNotification
                0x0011106c       0x60 /opt/devkitpro/libctru/lib/libctru.a(srv.o)
                0x0011106c                srvReceiveNotification
 .text.srvPublishToSubscriber
                0x001110cc       0x38 /opt/devkitpro/libctru/lib/libctru.a(srv.o)
                0x001110cc                srvPublishToSubscriber
 .text.__sync_init
                0x00111104        0xc /opt/devkitpro/libctru/lib/libctru.a(synchronization.o)
                0x00111104                __sync_init
 .text.__sync_fini
                0x00111110       0x18 /opt/devkitpro/libctru/lib/libctru.a(synchronization.o)
                0x00111110                __sync_fini
 .text.syncArbitrateAddress
                0x00111128       0x28 /opt/devkitpro/libctru/lib/libctru.a(synchronization.o)
                0x00111128                syncArbitrateAddress
 .text.LightLock_Lock
                0x00111150       0xac /opt/devkitpro/libctru/lib/libctru.a(synchronization.o)
                0x00111150                LightLock_Lock
 .text.LightLock_Unlock
                0x001111fc       0x40 /opt/devkitpro/libctru/lib/libctru.a(synchronization.o)
                0x001111fc                LightLock_Unlock
 .text.RecursiveLock_Lock
                0x0011123c       0x54 /opt/devkitpro/libctru/lib/libctru.a(synchronization.o)
                0x0011123c                RecursiveLock_Lock
 .text.RecursiveLock_Unlock
                0x00111290       0x54 /opt/devkitpro/libctru/lib/libctru.a(synchronization.o)
                0x00111290                RecursiveLock_Unlock
 .text.LightEvent_Init
                0x001112e4       0x44 /opt/devkitpro/libctru/lib/libctru.a(synchronization.o)
                0x001112e4                LightEvent_Init
 .text.LightEvent_Clear
                0x00111328       0xb8 /opt/devkitpro/libctru/lib/libctru.a(synchronization.o)
                0x00111328                LightEvent_Clear
 .text.LightEvent_Signal
                0x001113e0       0xdc /opt/devkitpro/libctru/lib/libctru.a(synchronization.o)
                0x001113e0                LightEvent_Signal
 .text.LightEvent_TryWait
                0x001114bc       0x50 /opt/devkitpro/libctru/lib/libctru.a(synchronization.o)
                0x001114bc                LightEvent_TryWait
 .text.LightEvent_Wait
                0x0011150c       0xac /opt/devkitpro/libctru/lib/libctru.a(synchronization.o)
                0x0011150c                LightEvent_Wait
 .text.threadCreate
                0x001115b8      0x1fc /opt/devkitpro/libctru/lib/libctru.a(thread.o)
                0x001115b8                threadCreate
 .text.threadFree
                0x001117b4       0x38 /opt/devkitpro/libctru/lib/libctru.a(thread.o)
                0x001117b4                threadFree
 .text.threadJoin
                0x001117ec       0x24 /opt/devkitpro/libctru/lib/libctru.a(thread.o)
                0x001117ec                threadJoin
 .text.threadGetCurrent
                0x00111810       0x30 /opt/devkitpro/libctru/lib/libctru.a(thread.o)
                0x00111810                threadGetCurrent
 .text.threadExit
                0x00111840       0x40 /opt/devkitpro/libctru/lib/libctru.a(thread.o)
                0x00111840                threadExit
 .text._thread_begin
                0x00111880       0x20 /opt/devkitpro/libctru/lib/libctru.a(thread.o)
 .text.mappableFindAddressWithin
                0x001118a0       0x90 /opt/devkitpro/libctru/lib/libctru.a(mappable.o)
 .text.mappableInit
                0x00111930       0x28 /opt/devkitpro/libctru/lib/libctru.a(mappable.o)
                0x00111930                mappableInit
 .text.mappableAlloc
                0x00111958       0x7c /opt/devkitpro/libctru/lib/libctru.a(mappable.o)
                0x00111958                mappableAlloc
 .text.mappableFree
                0x001119d4        0x4 /opt/devkitpro/libctru/lib/libctru.a(mappable.o)
                0x001119d4                mappableFree
 .text.srvPmGetSessionHandle
                0x001119d8        0xc /opt/devkitpro/libctru/lib/libctru.a(srvpm.o)
                0x001119d8                srvPmGetSessionHandle
 .text._net_convert_error
                0x001119e4       0x3c /opt/devkitpro/libctru/lib/libctru.a(soc_common.o)
                0x001119e4                _net_convert_error
 .text.rbtree_node_next
                0x00111a20       0x60 /opt/devkitpro/libctru/lib/libctru.a(rbtree_iterator.o)
                0x00111a20                rbtree_node_next
 .text.decode_utf16
                0x00111a80       0x54 /opt/devkitpro/libctru/lib/libctru.a(decode_utf16.o)
                0x00111a80                decode_utf16
 .text.encode_utf16
                0x00111ad4       0x54 /opt/devkitpro/libctru/lib/libctru.a(encode_utf16.o)
                0x00111ad4                encode_utf16
 .text.encode_utf8
                0x00111b28       0xe0 /opt/devkitpro/libctru/lib/libctru.a(encode_utf8.o)
                0x00111b28                encode_utf8
 .text.__appExit
                0x00111c08       0x30 /opt/devkitpro/libctru/lib/libctru.a(appExit.o)
                0x00111c08                __appExit
 .text.__appInit
                0x00111c38       0x30 /opt/devkitpro/libctru/lib/libctru.a(appInit.o)
                0x00111c38                __appInit
 .text.__libctru_exit
                0x00111c68       0x90 /opt/devkitpro/libctru/lib/libctru.a(ctru_exit.o)
                0x00111c68                __libctru_exit
 .text.archive_link
                0x00111cf8       0x14 /opt/devkitpro/libctru/lib/libctru.a(archive_dev.o)
 .text.archive_dirreset
                0x00111d0c       0x14 /opt/devkitpro/libctru/lib/libctru.a(archive_dev.o)
 .text.archive_chmod
                0x00111d20       0x14 /opt/devkitpro/libctru/lib/libctru.a(archive_dev.o)
 .text.error_cmp
                0x00111d34       0x24 /opt/devkitpro/libctru/lib/libctru.a(archive_dev.o)
 .text.archive_translate_error
                0x00111d58       0x50 /opt/devkitpro/libctru/lib/libctru.a(archive_dev.o)
 .text.archive_seek
                0x00111da8       0xc0 /opt/devkitpro/libctru/lib/libctru.a(archive_dev.o)
 .text._archiveInit.part.0
                0x00111e68       0x78 /opt/devkitpro/libctru/lib/libctru.a(archive_dev.o)
 .text.archiveFindDevice.part.0
                0x00111ee0       0xd4 /opt/devkitpro/libctru/lib/libctru.a(archive_dev.o)
 .text.archive_utf16path
                0x00111fb4      0x298 /opt/devkitpro/libctru/lib/libctru.a(archive_dev.o)
 .text._archiveUnmountDeviceStruct.part.0
                0x0011224c       0x98 /opt/devkitpro/libctru/lib/libctru.a(archive_dev.o)
 .text.archive_statvfs
                0x001122e4       0x14 /opt/devkitpro/libctru/lib/libctru.a(archive_dev.o)
 .text.archive_fchmod
                0x001122f8       0x14 /opt/devkitpro/libctru/lib/libctru.a(archive_dev.o)
 .text._archiveMountDevice
                0x0011230c      0x178 /opt/devkitpro/libctru/lib/libctru.a(archive_dev.o)
 .text.archive_diropen
                0x00112484       0xf8 /opt/devkitpro/libctru/lib/libctru.a(archive_dev.o)
 .text.archive_fstat
                0x0011257c       0xac /opt/devkitpro/libctru/lib/libctru.a(archive_dev.o)
 .text.archive_fsync
                0x00112628       0x74 /opt/devkitpro/libctru/lib/libctru.a(archive_dev.o)
 .text.archive_close
                0x0011269c       0x74 /opt/devkitpro/libctru/lib/libctru.a(archive_dev.o)
 .text.archive_dirclose
                0x00112710       0x78 /opt/devkitpro/libctru/lib/libctru.a(archive_dev.o)
 .text.sdmc_statvfs
                0x00112788       0xec /opt/devkitpro/libctru/lib/libctru.a(archive_dev.o)
 .text.archive_chdir
                0x00112874       0xf8 /opt/devkitpro/libctru/lib/libctru.a(archive_dev.o)
 .text.archive_ftruncate
                0x0011296c       0x8c /opt/devkitpro/libctru/lib/libctru.a(archive_dev.o)
 .text.archive_read
                0x001129f8       0xbc /opt/devkitpro/libctru/lib/libctru.a(archive_dev.o)
 .text.archive_unlink
                0x00112ab4       0xa8 /opt/devkitpro/libctru/lib/libctru.a(archive_dev.o)
 .text.archive_rmdir
                0x00112b5c       0xc0 /opt/devkitpro/libctru/lib/libctru.a(archive_dev.o)
 .text.archive_mkdir
                0x00112c1c       0xd8 /opt/devkitpro/libctru/lib/libctru.a(archive_dev.o)
 .text.archive_stat
                0x00112cf4      0x1a0 /opt/devkitpro/libctru/lib/libctru.a(archive_dev.o)
 .text.archive_dirnext
                0x00112e94      0x164 /opt/devkitpro/libctru/lib/libctru.a(archive_dev.o)
 .text.archive_write
                0x00112ff8      0x13c /opt/devkitpro/libctru/lib/libctru.a(archive_dev.o)
 *fill*         0x00113134        0x4 
 .text.archive_open
                0x00113138      0x254 /opt/devkitpro/libctru/lib/libctru.a(archive_dev.o)
 .text.archive_rename
                0x0011338c      0x270 /opt/devkitpro/libctru/lib/libctru.a(archive_dev.o)
 .text.archiveMountSdmc
                0x001135fc      0x1c8 /opt/devkitpro/libctru/lib/libctru.a(archive_dev.o)
                0x001135fc                archiveMountSdmc
 .text.archiveUnmountAll
                0x001137c4       0x54 /opt/devkitpro/libctru/lib/libctru.a(archive_dev.o)
                0x001137c4                archiveUnmountAll
 .text.ceilf    0x00113818       0xc0 /opt/devkitpro/devkitARM/bin/../lib/gcc/arm-none-eabi/15.1.0/../../../../arm-none-eabi/lib/armv6k/fpu/libm.a(libm_a-sf_ceil.o)
                0x00113818                ceilf
 .text.__udivmoddi4
                0x001138d8      0x130 /opt/devkitpro/devkitARM/bin/../lib/gcc/arm-none-eabi/15.1.0/armv6k/fpu/libgcc.a(_udivmoddi4.o)
                0x001138d8                __udivmoddi4
 .text.strncmp  0x00113a08       0xd8 /opt/devkitpro/devkitARM/bin/../lib/gcc/arm-none-eabi/15.1.0/../../../../arm-none-eabi/lib/armv6k/fpu/libg.a(libc_a-strncmp.o)
                0x00113a08                strncmp
 .text.strchr   0x00113ae0      0x140 /opt/devkitpro/devkitARM/bin/../lib/gcc/arm-none-eabi/15.1.0/../../../../arm-none-eabi/lib/armv6k/fpu/libg.a(libc_a-strchr.o)
                0x00113ae0                strchr
 .text._fgets_r
                0x00113c20      0x198 /opt/devkitpro/devkitARM/bin/../lib/gcc/arm-none-eabi/15.1.0/../../../../arm-none-eabi/lib/armv6k/fpu/libg.a(libc_a-fgets.o)
                0x00113c20                _fgets_r
 .text.fgets    0x00113db8       0x30 /opt/devkitpro/devkitARM/bin/../lib/gcc/arm-none-eabi/15.1.0/../../../../arm-none-eabi/lib/armv6k/fpu/libg.a(libc_a-fgets.o)
                0x00113db8                fgets
 .text._fclose_r
                0x00113de8      0x144 /opt/devkitpro/devkitARM/bin/../lib/gcc/arm-none-eabi/15.1.0/../../../../arm-none-eabi/lib/armv6k/fpu/libg.a(libc_a-fclose.o)
                0x00113de8                _fclose_r
 .text.fclose   0x00113f2c       0x20 /opt/devkitpro/devkitARM/bin/../lib/gcc/arm-none-eabi/15.1.0/../../../../arm-none-eabi/lib/armv6k/fpu/libg.a(libc_a-fclose.o)
                0x00113f2c                fclose
 .text._fputs_r
                0x00113f4c       0xc0 /opt/devkitpro/devkitARM/bin/../lib/gcc/arm-none-eabi/15.1.0/../../../../arm-none-eabi/lib/armv6k/fpu/libg.a(libc_a-fputs.o)
                0x00113f4c                _fputs_r
 .text.fputs    0x0011400c       0x28 /opt/devkitpro/devkitARM/bin/../lib/gcc/arm-none-eabi/15.1.0/../../../../arm-none-eabi/lib/armv6k/fpu/libg.a(libc_a-fputs.o)
                0x0011400c                fputs
 .text.strlen   0x00114034       0x8c /opt/devkitpro/devkitARM/bin/../lib/gcc/arm-none-eabi/15.1.0/../../../../arm-none-eabi/lib/armv6k/fpu/libg.a(libc_a-strlen.o)
                0x00114034                strlen
 .text.strcspn  0x001140c0       0x70 /opt/devkitpro/devkitARM/bin/../lib/gcc/arm-none-eabi/15.1.0/../../../../arm-none-eabi/lib/armv6k/fpu/libg.a(libc_a-strcspn.o)
                0x001140c0                strcspn
 .text.memcmp   0x00114130       0xd8 /opt/devkitpro/devkitARM/bin/../lib/gcc/arm-none-eabi/15.1.0/../../../../arm-none-eabi/lib/armv6k/fpu/libg.a(libc_a-memcmp.o)
                0x00114130                memcmp
 .text.stdio_exit_handler
                0x00114208       0x1c /opt/devkitpro/devkitARM/bin/../lib/gcc/arm-none-eabi/15.1.0/../../../../arm-none-eabi/lib/armv6k/fpu/libg.a(libc_a-findfp.o)
 .text.cleanup_stdio
                0x00114224       0x5c /opt/devkitpro/devkitARM/bin/../lib/gcc/arm-none-eabi/15.1.0/../../../../arm-none-eabi/lib/armv6k/fpu/libg.a(libc_a-findfp.o)
 .text.global_stdio_init.part.0
                0x00114280      0x154 /opt/devkitpro/devkitARM/bin/../lib/gcc/arm-none-eabi/15.1.0/../../../../arm-none-eabi/lib/armv6k/fpu/libg.a(libc_a-findfp.o)
 .text.__sfp    0x001143d4      0x138 /opt/devkitpro/devkitARM/bin/../lib/gcc/arm-none-eabi/15.1.0/../../../../arm-none-eabi/lib/armv6k/fpu/libg.a(libc_a-findfp.o)
                0x001143d4                __sfp
 .text.__sinit  0x0011450c       0x5c /opt/devkitpro/devkitARM/bin/../lib/gcc/arm-none-eabi/15.1.0/../../../../arm-none-eabi/lib/armv6k/fpu/libg.a(libc_a-findfp.o)
                0x0011450c                __sinit
 .text.__sfp_lock_acquire
                0x00114568        0xc /opt/devkitpro/devkitARM/bin/../lib/gcc/arm-none-eabi/15.1.0/../../../../arm-none-eabi/lib/armv6k/fpu/libg.a(libc_a-findfp.o)
                0x00114568                __sfp_lock_acquire
 .text.__sfp_lock_release
                0x00114574        0xc /opt/devkitpro/devkitARM/bin/../lib/gcc/arm-none-eabi/15.1.0/../../../../arm-none-eabi/lib/armv6k/fpu/libg.a(libc_a-findfp.o)
                0x00114574                __sfp_lock_release
 .text._strtoul_l.isra.0
                0x00114580      0x1ec /opt/devkitpro/devkitARM/bin/../lib/gcc/arm-none-eabi/15.1.0/../../../../arm-none-eabi/lib/armv6k/fpu/libg.a(libc_a-strtoul.o)
 .text.strtoul  0x0011476c       0x3c /opt/devkitpro/devkitARM/bin/../lib/gcc/arm-none-eabi/15.1.0/../../../../arm-none-eabi/lib/armv6k/fpu/libg.a(libc_a-strtoul.o)
                0x0011476c                strtoul
 .text.__libc_init_array
                0x001147a8       0x84 /opt/devkitpro/devkitARM/bin/../lib/gcc/arm-none-eabi/15.1.0/../../../../arm-none-eabi/lib/armv6k/fpu/libg.a(libc_a-init.o)
                0x001147a8                __libc_init_array
 .text.strncat  0x0011482c       0x9c /opt/devkitpro/devkitARM/bin/../lib/gcc/arm-none-eabi/15.1.0/../../../../arm-none-eabi/lib/armv6k/fpu/libg.a(libc_a-strncat.o)
                0x0011482c                strncat
 .text._fwalk_sglue
                0x001148c8       0x70 /opt/devkitpro/devkitARM/bin/../lib/gcc/arm-none-eabi/15.1.0/../../../../arm-none-eabi/lib/armv6k/fpu/libg.a(libc_a-fwalk.o)
                0x001148c8                _fwalk_sglue
 .text.bsearch  0x00114938       0x78 /opt/devkitpro/devkitARM/bin/../lib/gcc/arm-none-eabi/15.1.0/../../../../arm-none-eabi/lib/armv6k/fpu/libg.a(libc_a-bsearch.o)
                0x00114938                bsearch
 .text.__errno  0x001149b0        0xc /opt/devkitpro/devkitARM/bin/../lib/gcc/arm-none-eabi/15.1.0/../../../../arm-none-eabi/lib/armv6k/fpu/libg.a(libc_a-errno.o)
                0x001149b0                __errno
 .text.calloc   0x001149bc       0x28 /opt/devkitpro/devkitARM/bin/../lib/gcc/arm-none-eabi/15.1.0/../../../../arm-none-eabi/lib/armv6k/fpu/libg.a(libc_a-calloc.o)
                0x001149bc                calloc
 .text.qsort    0x001149e4      0x8e8 /opt/devkitpro/devkitARM/bin/../lib/gcc/arm-none-eabi/15.1.0/../../../../arm-none-eabi/lib/armv6k/fpu/libg.a(libc_a-qsort.o)
                0x001149e4                qsort
 .text._calloc_r
                0x001152cc       0xd8 /opt/devkitpro/devkitARM/bin/../lib/gcc/arm-none-eabi/15.1.0/../../../../arm-none-eabi/lib/armv6k/fpu/libg.a(libc_a-callocr.o)
                0x001152cc                _calloc_r
 .text._fseek_r
                0x001153a4       0x1c /opt/devkitpro/devkitARM/bin/../lib/gcc/arm-none-eabi/15.1.0/../../../../arm-none-eabi/lib/armv6k/fpu/libg.a(libc_a-fseek.o)
                0x001153a4                _fseek_r
 .text.fseek    0x001153c0       0x34 /opt/devkitpro/devkitARM/bin/../lib/gcc/arm-none-eabi/15.1.0/../../../../arm-none-eabi/lib/armv6k/fpu/libg.a(libc_a-fseek.o)
                0x001153c0                fseek
 .text.memalign
                0x001153f4       0x28 /opt/devkitpro/devkitARM/bin/../lib/gcc/arm-none-eabi/15.1.0/../../../../arm-none-eabi/lib/armv6k/fpu/libg.a(libc_a-malign.o)
                0x001153f4                memalign
 .text._malloc_r
                0x0011541c      0x82c /opt/devkitpro/devkitARM/bin/../lib/gcc/arm-none-eabi/15.1.0/../../../../arm-none-eabi/lib/armv6k/fpu/libg.a(libc_a-mallocr.o)
                0x0011541c                _malloc_r
 .text.memchr   0x00115c48       0xe8 /opt/devkitpro/devkitARM/bin/../lib/gcc/arm-none-eabi/15.1.0/../../../../arm-none-eabi/lib/armv6k/fpu/libg.a(libc_a-memchr-stub.o)
                0x00115c48                memchr
 .text._malloc_trim_r
                0x00115d30      0x114 /opt/devkitpro/devkitARM/bin/../lib/gcc/arm-none-eabi/15.1.0/../../../../arm-none-eabi/lib/armv6k/fpu/libg.a(libc_a-freer.o)
                0x00115d30                _malloc_trim_r
 .text._free_r  0x00115e44      0x314 /opt/devkitpro/devkitARM/bin/../lib/gcc/arm-none-eabi/15.1.0/../../../../arm-none-eabi/lib/armv6k/fpu/libg.a(libc_a-freer.o)
                0x00115e44                _free_r
 .text.rewind   0x00116158       0x2c /opt/devkitpro/devkitARM/bin/../lib/gcc/arm-none-eabi/15.1.0/../../../../arm-none-eabi/lib/armv6k/fpu/libg.a(libc_a-rewind.o)
                0x00116158                rewind
 .text.strnlen  0x00116184       0x3c /opt/devkitpro/devkitARM/bin/../lib/gcc/arm-none-eabi/15.1.0/../../../../arm-none-eabi/lib/armv6k/fpu/libg.a(libc_a-strnlen.o)
                0x00116184                strnlen
 .text.malloc   0x001161c0       0x40 /opt/devkitpro/devkitARM/bin/../lib/gcc/arm-none-eabi/15.1.0/../../../../arm-none-eabi/lib/armv6k/fpu/libg.a(libc_a-malloc.o)
                0x001161c0                malloc
 .text.free     0x00116200       0x20 /opt/devkitpro/devkitARM/bin/../lib/gcc/arm-none-eabi/15.1.0/../../../../arm-none-eabi/lib/armv6k/fpu/libg.a(libc_a-malloc.o)
                0x00116200                free
 .text.__sflush_r
                0x00116220      0x22c /opt/devkitpro/devkitARM/bin/../lib/gcc/arm-none-eabi/15.1.0/../../../../arm-none-eabi/lib/armv6k/fpu/libg.a(libc_a-fflush.o)
                0x00116220                __sflush_r
 .text._fflush_r
                0x0011644c       0xc4 /opt/devkitpro/devkitARM/bin/../lib/gcc/arm-none-eabi/15.1.0/../../../../arm-none-eabi/lib/armv6k/fpu/libg.a(libc_a-fflush.o)
                0x0011644c                _fflush_r
 .text.time     0x00116510       0x48 /opt/devkitpro/devkitARM/bin/../lib/gcc/arm-none-eabi/15.1.0/../../../../arm-none-eabi/lib/armv6k/fpu/libg.a(libc_a-time.o)
                0x00116510                time
 .text.lflush   0x00116558       0x38 /opt/devkitpro/devkitARM/bin/../lib/gcc/arm-none-eabi/15.1.0/../../../../arm-none-eabi/lib/armv6k/fpu/libg.a(libc_a-refill.o)
 .text.__srefill_r
                0x00116590      0x1a8 /opt/devkitpro/devkitARM/bin/../lib/gcc/arm-none-eabi/15.1.0/../../../../arm-none-eabi/lib/armv6k/fpu/libg.a(libc_a-refill.o)
                0x00116590                __srefill_r
 .text.__smakebuf_r
                0x00116738      0x164 /opt/devkitpro/devkitARM/bin/../lib/gcc/arm-none-eabi/15.1.0/../../../../arm-none-eabi/lib/armv6k/fpu/libg.a(libc_a-makebuf.o)
                0x00116738                __smakebuf_r
 .text.memset   0x0011689c       0xe4 /opt/devkitpro/devkitARM/bin/../lib/gcc/arm-none-eabi/15.1.0/../../../../arm-none-eabi/lib/armv6k/fpu/libg.a(libc_a-memset.o)
                0x0011689c                memset
 .text._realloc_r
                0x00116980      0x4f0 /opt/devkitpro/devkitARM/bin/../lib/gcc/arm-none-eabi/15.1.0/../../../../arm-none-eabi/lib/armv6k/fpu/libg.a(libc_a-reallocr.o)
                0x00116980                _realloc_r
 .text._fread_r
                0x00116e70      0x334 /opt/devkitpro/devkitARM/bin/../lib/gcc/arm-none-eabi/15.1.0/../../../../arm-none-eabi/lib/armv6k/fpu/libg.a(libc_a-fread.o)
                0x00116e70                _fread_r
 .text.fread    0x001171a4       0x38 /opt/devkitpro/devkitARM/bin/../lib/gcc/arm-none-eabi/15.1.0/../../../../arm-none-eabi/lib/armv6k/fpu/libg.a(libc_a-fread.o)
                0x001171a4                fread
 .text.__malloc_lock
                0x001171dc        0xc /opt/devkitpro/devkitARM/bin/../lib/gcc/arm-none-eabi/15.1.0/../../../../arm-none-eabi/lib/armv6k/fpu/libg.a(libc_a-mlock.o)
                0x001171dc                __malloc_lock
 .text.__malloc_unlock
                0x001171e8        0xc /opt/devkitpro/devkitARM/bin/../lib/gcc/arm-none-eabi/15.1.0/../../../../arm-none-eabi/lib/armv6k/fpu/libg.a(libc_a-mlock.o)
                0x001171e8                __malloc_unlock
 .text.__call_exitprocs
                0x001171f4        0x4 /opt/devkitpro/devkitARM/bin/../lib/gcc/arm-none-eabi/15.1.0/../../../../arm-none-eabi/lib/armv6k/fpu/libg.a(libc_a-exit.o)
                0x001171f4                __call_exitprocs
 .text.exit     0x001171f8       0x30 /opt/devkitpro/devkitARM/bin/../lib/gcc/arm-none-eabi/15.1.0/../../../../arm-none-eabi/lib/armv6k/fpu/libg.a(libc_a-exit.o)
                0x001171f8                exit
 .text._fopen_r
                0x00117228      0x134 /opt/devkitpro/devkitARM/bin/../lib/gcc/arm-none-eabi/15.1.0/../../../../arm-none-eabi/lib/armv6k/fpu/libg.a(libc_a-fopen.o)
                0x00117228                _fopen_r
 .text.fopen    0x0011735c       0x28 /opt/devkitpro/devkitARM/bin/../lib/gcc/arm-none-eabi/15.1.0/../../../../arm-none-eabi/lib/armv6k/fpu/libg.a(libc_a-fopen.o)
                0x0011735c                fopen
 .text.strncpy  0x00117384       0xd4 /opt/devkitpro/devkitARM/bin/../lib/gcc/arm-none-eabi/15.1.0/../../../../arm-none-eabi/lib/armv6k/fpu/libg.a(libc_a-strncpy.o)
                0x00117384                strncpy
 .text.ftell    0x00117458       0x34 /opt/devkitpro/devkitARM/bin/../lib/gcc/arm-none-eabi/15.1.0/../../../../arm-none-eabi/lib/armv6k/fpu/libg.a(libc_a-ftell.o)
                0x00117458                ftell
 .text.memcpy   0x0011748c      0x12c /opt/devkitpro/devkitARM/bin/../lib/gcc/arm-none-eabi/15.1.0/../../../../arm-none-eabi/lib/armv6k/fpu/libg.a(libc_a-memcpy-stub.o)
                0x0011748c                memcpy
 .text.__sfvwrite_r
                0x001175b8      0x4a4 /opt/devkitpro/devkitARM/bin/../lib/gcc/arm-none-eabi/15.1.0/../../../../arm-none-eabi/lib/armv6k/fpu/libg.a(libc_a-fvwrite.o)
                0x001175b8                __sfvwrite_r
 .text.__sread  0x00117a5c       0x44 /opt/devkitpro/devkitARM/bin/../lib/gcc/arm-none-eabi/15.1.0/../../../../arm-none-eabi/lib/armv6k/fpu/libg.a(libc_a-stdio.o)
                0x00117a5c                __sread
 .text.__swrite
                0x00117aa0       0x68 /opt/devkitpro/devkitARM/bin/../lib/gcc/arm-none-eabi/15.1.0/../../../../arm-none-eabi/lib/armv6k/fpu/libg.a(libc_a-stdio.o)
                0x00117aa0                __swrite
 .text.__sseek  0x00117b08       0x40 /opt/devkitpro/devkitARM/bin/../lib/gcc/arm-none-eabi/15.1.0/../../../../arm-none-eabi/lib/armv6k/fpu/libg.a(libc_a-stdio.o)
                0x00117b08                __sseek
 .text.__sclose
                0x00117b48        0x8 /opt/devkitpro/devkitARM/bin/../lib/gcc/arm-none-eabi/15.1.0/../../../../arm-none-eabi/lib/armv6k/fpu/libg.a(libc_a-stdio.o)
                0x00117b48                __sclose
 .text.memmove  0x00117b50      0x16c /opt/devkitpro/devkitARM/bin/../lib/gcc/arm-none-eabi/15.1.0/../../../../arm-none-eabi/lib/armv6k/fpu/libg.a(libc_a-memmove.o)
                0x00117b50                memmove
 .text._memalign_r
                0x00117cbc      0x16c /opt/devkitpro/devkitARM/bin/../lib/gcc/arm-none-eabi/15.1.0/../../../../arm-none-eabi/lib/armv6k/fpu/libg.a(libc_a-malignr.o)
                0x00117cbc                _memalign_r
 .text._fseeko_r
                0x00117e28      0x588 /opt/devkitpro/devkitARM/bin/../lib/gcc/arm-none-eabi/15.1.0/../../../../arm-none-eabi/lib/armv6k/fpu/libg.a(libc_a-fseeko.o)
                0x00117e28                _fseeko_r
 .text.__sflags
                0x001183b0       0xb8 /opt/devkitpro/devkitARM/bin/../lib/gcc/arm-none-eabi/15.1.0/../../../../arm-none-eabi/lib/armv6k/fpu/libg.a(libc_a-flags.o)
                0x001183b0                __sflags
 .text.__libc_fini_array
                0x00118468       0x3c /opt/devkitpro/devkitARM/bin/../lib/gcc/arm-none-eabi/15.1.0/../../../../arm-none-eabi/lib/armv6k/fpu/libg.a(libc_a-fini.o)
                0x00118468                __libc_fini_array
 .text._ftello_r
                0x001184a4      0x1c4 /opt/devkitpro/devkitARM/bin/../lib/gcc/arm-none-eabi/15.1.0/../../../../arm-none-eabi/lib/armv6k/fpu/libg.a(libc_a-ftello.o)
                0x001184a4                _ftello_r
 .text.__swsetup_r
                0x00118668      0x140 /opt/devkitpro/devkitARM/bin/../lib/gcc/arm-none-eabi/15.1.0/../../../../arm-none-eabi/lib/armv6k/fpu/libg.a(libc_a-wsetup.o)
                0x00118668                __swsetup_r
 .text._exit    0x001187a8       0x20 /opt/devkitpro/devkitARM/bin/../lib/gcc/arm-none-eabi/15.1.0/../../../../arm-none-eabi/lib/armv6k/fpu/libsysbase.a(libsysbase_libsysbase_a-_exit.o)
                0x001187a8                _exit
 .text.chdir    0x001187c8      0x140 /opt/devkitpro/devkitARM/bin/../lib/gcc/arm-none-eabi/15.1.0/../../../../arm-none-eabi/lib/armv6k/fpu/libsysbase.a(libsysbase_libsysbase_a-chdir.o)
                0x001187c8                chdir
 .text._concatenate_path
                0x00118908      0x1c8 /opt/devkitpro/devkitARM/bin/../lib/gcc/arm-none-eabi/15.1.0/../../../../arm-none-eabi/lib/armv6k/fpu/libsysbase.a(libsysbase_libsysbase_a-concatenate.o)
                0x00118908                _concatenate_path
 .text._fstat_r
                0x00118ad0       0x9c /opt/devkitpro/devkitARM/bin/../lib/gcc/arm-none-eabi/15.1.0/../../../../arm-none-eabi/lib/armv6k/fpu/libsysbase.a(libsysbase_libsysbase_a-fstat.o)
                0x00118ad0                _fstat_r
 .text.__getreent
                0x00118b6c       0x2c /opt/devkitpro/devkitARM/bin/../lib/gcc/arm-none-eabi/15.1.0/../../../../arm-none-eabi/lib/armv6k/fpu/libsysbase.a(libsysbase_libsysbase_a-getreent.o)
                0x00118b6c                __getreent
 .text._gettimeofday_r
                0x00118b98       0x30 /opt/devkitpro/devkitARM/bin/../lib/gcc/arm-none-eabi/15.1.0/../../../../arm-none-eabi/lib/armv6k/fpu/libsysbase.a(libsysbase_libsysbase_a-gettod.o)
                0x00118b98                _gettimeofday_r
 .text.__release_handle
                0x00118bc8       0xa0 /opt/devkitpro/devkitARM/bin/../lib/gcc/arm-none-eabi/15.1.0/../../../../arm-none-eabi/lib/armv6k/fpu/libsysbase.a(libsysbase_libsysbase_a-handle_manager.o)
                0x00118bc8                __release_handle
 .text.__alloc_handle
                0x00118c68       0xb0 /opt/devkitpro/devkitARM/bin/../lib/gcc/arm-none-eabi/15.1.0/../../../../arm-none-eabi/lib/armv6k/fpu/libsysbase.a(libsysbase_libsysbase_a-handle_manager.o)
                0x00118c68                __alloc_handle
 .text.__get_handle
                0x00118d18       0x58 /opt/devkitpro/devkitARM/bin/../lib/gcc/arm-none-eabi/15.1.0/../../../../arm-none-eabi/lib/armv6k/fpu/libsysbase.a(libsysbase_libsysbase_a-handle_manager.o)
                0x00118d18                __get_handle
 .text._close_r
                0x00118d70      0x110 /opt/devkitpro/devkitARM/bin/../lib/gcc/arm-none-eabi/15.1.0/../../../../arm-none-eabi/lib/armv6k/fpu/libsysbase.a(libsysbase_libsysbase_a-handle_manager.o)
                0x00118d70                _close_r
 .text.null_write
                0x00118e80        0x8 /opt/devkitpro/devkitARM/bin/../lib/gcc/arm-none-eabi/15.1.0/../../../../arm-none-eabi/lib/armv6k/fpu/libsysbase.a(libsysbase_libsysbase_a-iosupport.o)
 .text.setDefaultDevice
                0x00118e88       0x18 /opt/devkitpro/devkitARM/bin/../lib/gcc/arm-none-eabi/15.1.0/../../../../arm-none-eabi/lib/armv6k/fpu/libsysbase.a(libsysbase_libsysbase_a-iosupport.o)
                0x00118e88                setDefaultDevice
 .text.FindDevice
                0x00118ea0       0xc4 /opt/devkitpro/devkitARM/bin/../lib/gcc/arm-none-eabi/15.1.0/../../../../arm-none-eabi/lib/armv6k/fpu/libsysbase.a(libsysbase_libsysbase_a-iosupport.o)
                0x00118ea0                FindDevice
 .text.RemoveDevice
                0x00118f64       0x28 /opt/devkitpro/devkitARM/bin/../lib/gcc/arm-none-eabi/15.1.0/../../../../arm-none-eabi/lib/armv6k/fpu/libsysbase.a(libsysbase_libsysbase_a-iosupport.o)
                0x00118f64                RemoveDevice
 .text.AddDevice
                0x00118f8c       0x98 /opt/devkitpro/devkitARM/bin/../lib/gcc/arm-none-eabi/15.1.0/../../../../arm-none-eabi/lib/armv6k/fpu/libsysbase.a(libsysbase_libsysbase_a-iosupport.o)
                0x00118f8c                AddDevice
 .text.GetDeviceOpTab
                0x00119024       0x20 /opt/devkitpro/devkitARM/bin/../lib/gcc/arm-none-eabi/15.1.0/../../../../arm-none-eabi/lib/armv6k/fpu/libsysbase.a(libsysbase_libsysbase_a-iosupport.o)
                0x00119024                GetDeviceOpTab
 .text._isatty_r
                0x00119044        0x8 /opt/devkitpro/devkitARM/bin/../lib/gcc/arm-none-eabi/15.1.0/../../../../arm-none-eabi/lib/armv6k/fpu/libsysbase.a(libsysbase_libsysbase_a-isatty.o)
                0x00119044                _isatty_r
 .text._lseek_r
                0x0011904c       0x94 /opt/devkitpro/devkitARM/bin/../lib/gcc/arm-none-eabi/15.1.0/../../../../arm-none-eabi/lib/armv6k/fpu/libsysbase.a(libsysbase_libsysbase_a-lseek.o)
                0x0011904c                _lseek_r
 .text._open_r  0x001190e0       0xc0 /opt/devkitpro/devkitARM/bin/../lib/gcc/arm-none-eabi/15.1.0/../../../../arm-none-eabi/lib/armv6k/fpu/libsysbase.a(libsysbase_libsysbase_a-open.o)
                0x001190e0                _open_r
 .text._read_r  0x001191a0       0x94 /opt/devkitpro/devkitARM/bin/../lib/gcc/arm-none-eabi/15.1.0/../../../../arm-none-eabi/lib/armv6k/fpu/libsysbase.a(libsysbase_libsysbase_a-read.o)
                0x001191a0                _read_r
 .text._sbrk_r  0x00119234       0x78 /opt/devkitpro/devkitARM/bin/../lib/gcc/arm-none-eabi/15.1.0/../../../../arm-none-eabi/lib/armv6k/fpu/libsysbase.a(libsysbase_libsysbase_a-sbrk.o)
                0x00119234                _sbrk_r
 .text.__libc_lock_acquire
                0x001192ac       0x1c /opt/devkitpro/devkitARM/bin/../lib/gcc/arm-none-eabi/15.1.0/../../../../arm-none-eabi/lib/armv6k/fpu/libsysbase.a(libsysbase_libsysbase_a-syscall_support.o)
                0x001192ac                __libc_lock_acquire
 .text.__libc_lock_release
                0x001192c8       0x1c /opt/devkitpro/devkitARM/bin/../lib/gcc/arm-none-eabi/15.1.0/../../../../arm-none-eabi/lib/armv6k/fpu/libsysbase.a(libsysbase_libsysbase_a-syscall_support.o)
                0x001192c8                __libc_lock_release
 .text.__libc_lock_acquire_recursive
                0x001192e4       0x1c /opt/devkitpro/devkitARM/bin/../lib/gcc/arm-none-eabi/15.1.0/../../../../arm-none-eabi/lib/armv6k/fpu/libsysbase.a(libsysbase_libsysbase_a-syscall_support.o)
                0x001192e4                __libc_lock_acquire_recursive
 .text.__libc_lock_release_recursive
                0x00119300       0x1c /opt/devkitpro/devkitARM/bin/../lib/gcc/arm-none-eabi/15.1.0/../../../../arm-none-eabi/lib/armv6k/fpu/libsysbase.a(libsysbase_libsysbase_a-syscall_support.o)
                0x00119300                __libc_lock_release_recursive
 .text._write_r
                0x0011931c       0x94 /opt/devkitpro/devkitARM/bin/../lib/gcc/arm-none-eabi/15.1.0/../../../../arm-none-eabi/lib/armv6k/fpu/libsysbase.a(libsysbase_libsysbase_a-write.o)
                0x0011931c                _write_r
 .text.strrchr  0x001193b0       0x48 /opt/devkitpro/devkitARM/bin/../lib/gcc/arm-none-eabi/15.1.0/../../../../arm-none-eabi/lib/armv6k/fpu/libg.a(libc_a-strrchr.o)
                0x001193b0                strrchr
 *(.glue_7)
 .glue_7        0x001193f8        0x0 linker stubs
 *(.glue_7t)
 .glue_7t       0x001193f8        0x0 linker stubs
 *(.stub)
 *(.gnu.warning)
 *(.gnu.linkonce.t*)
                0x001193f8                        . = ALIGN (0x4)
 *(.fini)
 .fini          0x001193f8        0xc /opt/devkitpro/devkitARM/bin/../lib/gcc/arm-none-eabi/15.1.0/armv6k/fpu/crti.o
                0x001193f8                _fini
 .fini          0x00119404        0xc /opt/devkitpro/devkitARM/bin/../lib/gcc/arm-none-eabi/15.1.0/armv6k/fpu/crtn.o
                0x00119410                        . = ALIGN (0x4)

.vfp11_veneer   0x00119410        0x0
 .vfp11_veneer  0x00119410        0x0 linker stubs

.v4_bx          0x00119410        0x0
 .v4_bx         0x00119410        0x0 linker stubs

.iplt           0x00119410        0x0
 .iplt          0x00119410        0x0 /opt/devkitpro/devkitARM/bin/../lib/gcc/arm-none-eabi/15.1.0/../../../../arm-none-eabi/lib/armv6k/fpu/3dsx_crt0.o
                0x0011a000                        . = ALIGN (0x1000)

.rodata         0x0011a000      0x704
 *(.rodata)
 .rodata        0x0011a000        0xc menu.o
 .rodata        0x0011a00c        0xc /opt/devkitpro/libctru/lib/libctru.a(archive_dev.o)
 *(.roda)
 *(.rodata.*)
 .rodata.str1.4
                0x0011a018      0x1dc main.o
                                 0x4d (size before relaxing)
 .rodata.str1.4
                0x0011a1f4       0x1e mem.o
 .rodata.str1.4
                0x0011a1f4       0x1d menu.o
 .rodata.str1.4
                0x0011a1f4       0x10 renderer.o
 .rodata.C2D_Init.str1.4
                0x0011a1f4       0x10 /opt/devkitpro/libctru/lib/libcitro2d.a(base.o)
 .rodata.C2D_FontLoad.str1.4
                0x0011a1f4        0x3 /opt/devkitpro/libctru/lib/libcitro2d.a(font.o)
 .rodata.C2D_FontLoadSystem.str1.4
                0x0011a1f4        0x5 /opt/devkitpro/libctru/lib/libcitro2d.a(font.o)
 .rodata.str1.4
                0x0011a1f4       0x76 /opt/devkitpro/libctru/lib/libcitro2d.a(font.o)
 .rodata.C2Di_FontPaths
                0x0011a1f4       0x10 /opt/devkitpro/libctru/lib/libcitro2d.a(font.o)
 .rodata.render2d_shbin
                0x0011a204      0x190 /opt/devkitpro/libctru/lib/libcitro2d.a(render2d.shbin.o)
                0x0011a204                render2d_shbin
                0x0011a390                render2d_shbin_size
                0x0011a390                render2d_shbin_end
 .rodata.depthFmtSizes
                0x0011a394        0x4 /opt/devkitpro/libctru/lib/libcitro3d.a(framebuffer.o)
 .rodata.colorFmtSizes
                0x0011a398        0x5 /opt/devkitpro/libctru/lib/libcitro3d.a(framebuffer.o)
 *fill*         0x0011a39d        0x3 
 .rodata.CSWTCH.11
                0x0011a3a0       0x10 /opt/devkitpro/libctru/lib/libcitro3d.a(proctex.o)
 .rodata.romfs_dirnext.str1.4
                0x0011a3b0        0x7 /opt/devkitpro/libctru/lib/libctru.a(romfs_dev.o)
 .rodata.romFS_devoptab
                0x0011a3b0       0x80 /opt/devkitpro/libctru/lib/libctru.a(romfs_dev.o)
 .rodata.DVLE_GenerateOutmap.part.0
                0x0011a430        0x9 /opt/devkitpro/libctru/lib/libctru.a(shbin.o)
 .rodata.aptEventHandler
                0x0011a439        0xb /opt/devkitpro/libctru/lib/libctru.a(apt.o)
 .rodata.aptWaitForWakeUp.isra.0
                0x0011a444       0x11 /opt/devkitpro/libctru/lib/libctru.a(apt.o)
 *fill*         0x0011a455        0x3 
 .rodata.morton_y.2
                0x0011a458        0x8 /opt/devkitpro/libctru/lib/libctru.a(apt.o)
 .rodata.morton_x.3
                0x0011a460        0x8 /opt/devkitpro/libctru/lib/libctru.a(apt.o)
 .rodata.s_sleepWakeEvents.4
                0x0011a468        0x8 /opt/devkitpro/libctru/lib/libctru.a(apt.o)
 .rodata.str1.4
                0x0011a470       0x16 /opt/devkitpro/libctru/lib/libctru.a(apt.o)
 .rodata.serviceNameTable.5
                0x0011a470        0xc /opt/devkitpro/libctru/lib/libctru.a(apt.o)
 .rodata.fsInit.str1.4
                0x0011a47c        0x8 /opt/devkitpro/libctru/lib/libctru.a(fs.o)
 .rodata.gspInit.str1.4
                0x0011a47c        0x9 /opt/devkitpro/libctru/lib/libctru.a(gspgpu.o)
 .rodata.hidInit.str1.4
                0x0011a47c       0x15 /opt/devkitpro/libctru/lib/libctru.a(hid.o)
 .rodata.irrstInit.str1.4
                0x0011a47c        0x7 /opt/devkitpro/libctru/lib/libctru.a(irrst.o)
 .rodata.ptmSysmInit.str1.4
                0x0011a47c        0x9 /opt/devkitpro/libctru/lib/libctru.a(ptmsysm.o)
 .rodata.socInit.str1.4
                0x0011a47c        0xe /opt/devkitpro/libctru/lib/libctru.a(soc_init.o)
 .rodata.str1.4
                0x0011a47c        0x4 /opt/devkitpro/libctru/lib/libctru.a(soc_init.o)
 .rodata.__system_initArgv.str1.4